2025-05-01 00:39:14,018 - main_log_logic - INFO - Starting Main Log Logic System
2025-05-01 00:39:14,018 - main_log_logic - INFO - PID 329253 saved to /root/CascadeProjects/sports bot/football/logs/Main_Log/main_log_pid.txt
2025-05-01 00:39:14,021 - main_log_logic - INFO - Starting from position 0 in /root/CascadeProjects/sports bot/football/logs/Main_Log.log
2025-05-01 00:39:14,056 - main_log_logic - INFO - Adding 92 new entries to reversed log
2025-05-01 00:39:15,075 - main_log_logic - INFO - Adding 1 new entries to reversed log
2025-05-01 00:39:17,144 - main_log_logic - INFO - Adding 1 new entries to reversed log
2025-05-01 00:39:18,220 - main_log_logic - INFO - Adding 1 new entries to reversed log
2025-05-01 00:39:19,286 - main_log_logic - INFO - Adding 1 new entries to reversed log
2025-05-01 00:39:21,356 - main_log_logic - INFO - Adding 1 new entries to reversed log
2025-05-01 00:39:22,436 - main_log_logic - INFO - Adding 1 new entries to reversed log
2025-05-01 00:39:24,501 - main_log_logic - INFO - Adding 1 new entries to reversed log
2025-05-01 00:39:26,567 - main_log_logic - INFO - Adding 1 new entries to reversed log
2025-05-01 00:39:27,633 - main_log_logic - INFO - Adding 1 new entries to reversed log
2025-05-01 00:39:29,695 - main_log_logic - INFO - Adding 1 new entries to reversed log
2025-05-01 00:39:30,780 - main_log_logic - INFO - Adding 1 new entries to reversed log
2025-05-01 00:39:32,856 - main_log_logic - INFO - Adding 1 new entries to reversed log
2025-05-01 00:39:33,941 - main_log_logic - INFO - Adding 1 new entries to reversed log
2025-05-01 00:39:36,002 - main_log_logic - INFO - Adding 1 new entries to reversed log
2025-05-01 00:39:37,060 - main_log_logic - INFO - Adding 1 new entries to reversed log
2025-05-01 00:39:38,121 - main_log_logic - INFO - Adding 1 new entries to reversed log
2025-05-01 00:39:39,177 - main_log_logic - INFO - Adding 1 new entries to reversed log
2025-05-01 00:39:41,241 - main_log_logic - INFO - Adding 1 new entries to reversed log
2025-05-01 00:39:43,300 - main_log_logic - INFO - Adding 1 new entries to reversed log
2025-05-01 00:39:45,368 - main_log_logic - INFO - Adding 1 new entries to reversed log
2025-05-01 00:39:47,430 - main_log_logic - INFO - Adding 1 new entries to reversed log
2025-05-01 00:39:48,487 - main_log_logic - INFO - Adding 1 new entries to reversed log
2025-05-01 00:39:50,546 - main_log_logic - INFO - Adding 1 new entries to reversed log
2025-05-01 00:52:38,225 - main_log_logic - INFO - Received shutdown signal. Exiting...
2025-05-01 00:53:05,367 - main_log_logic - INFO - Starting Main Log Logic System
2025-05-01 00:53:05,368 - main_log_logic - INFO - PID 333626 saved to /root/CascadeProjects/sports bot/football/logs/Main_Log/main_log_pid.txt
2025-05-01 00:53:05,371 - main_log_logic - INFO - Starting from position 7493027 in /root/CascadeProjects/sports bot/football/logs/Main_Log.log
2025-05-01 00:53:05,371 - main_log_logic - INFO - Adding 7 new entries to reversed log
2025-05-01 00:53:06,372 - main_log_logic - INFO - Adding 1 new entries to reversed log
2025-05-01 00:53:08,374 - main_log_logic - INFO - Adding 1 new entries to reversed log
2025-05-01 00:53:09,375 - main_log_logic - INFO - Adding 1 new entries to reversed log
2025-05-01 00:53:10,376 - main_log_logic - INFO - Adding 1 new entries to reversed log
2025-05-01 00:53:12,379 - main_log_logic - INFO - Adding 1 new entries to reversed log
2025-05-01 00:53:13,380 - main_log_logic - INFO - Adding 1 new entries to reversed log
2025-05-01 00:53:14,381 - main_log_logic - INFO - Adding 1 new entries to reversed log
2025-05-01 00:53:16,383 - main_log_logic - INFO - Adding 1 new entries to reversed log
2025-05-01 00:53:17,384 - main_log_logic - INFO - Adding 1 new entries to reversed log
2025-05-01 00:53:19,385 - main_log_logic - INFO - Adding 1 new entries to reversed log
2025-05-01 00:53:20,386 - main_log_logic - INFO - Adding 1 new entries to reversed log
2025-05-01 00:53:22,388 - main_log_logic - INFO - Adding 1 new entries to reversed log
2025-05-01 00:53:23,389 - main_log_logic - INFO - Adding 1 new entries to reversed log
2025-05-01 00:53:24,390 - main_log_logic - INFO - Adding 1 new entries to reversed log
2025-05-01 00:53:26,392 - main_log_logic - INFO - Adding 1 new entries to reversed log
2025-05-01 00:53:27,393 - main_log_logic - INFO - Adding 1 new entries to reversed log
2025-05-01 00:53:28,394 - main_log_logic - INFO - Adding 1 new entries to reversed log
2025-05-01 00:53:30,398 - main_log_logic - INFO - Adding 1 new entries to reversed log
2025-05-01 00:53:32,400 - main_log_logic - INFO - Adding 1 new entries to reversed log
2025-05-01 00:53:33,401 - main_log_logic - INFO - Adding 1 new entries to reversed log
2025-05-01 00:53:35,403 - main_log_logic - INFO - Adding 1 new entries to reversed log
2025-05-01 00:53:37,404 - main_log_logic - INFO - Adding 1 new entries to reversed log
2025-05-01 00:53:38,405 - main_log_logic - INFO - Adding 1 new entries to reversed log
2025-05-01 00:53:40,407 - main_log_logic - INFO - Adding 1 new entries to reversed log
2025-05-01 00:53:41,408 - main_log_logic - INFO - Adding 1 new entries to reversed log
2025-05-01 00:56:49,527 - main_log_logic - INFO - Adding 1 new entries to reversed log
2025-05-01 00:56:50,528 - main_log_logic - INFO - Adding 6 new entries to reversed log
2025-05-01 00:56:52,530 - main_log_logic - INFO - Adding 1 new entries to reversed log
2025-05-01 00:56:54,532 - main_log_logic - INFO - Adding 1 new entries to reversed log
2025-05-01 00:56:55,533 - main_log_logic - INFO - Adding 1 new entries to reversed log
2025-05-01 00:56:57,535 - main_log_logic - INFO - Adding 1 new entries to reversed log
2025-05-01 00:56:58,536 - main_log_logic - INFO - Adding 1 new entries to reversed log
2025-05-01 00:57:01,539 - main_log_logic - INFO - Adding 1 new entries to reversed log
2025-05-01 00:57:03,540 - main_log_logic - INFO - Adding 1 new entries to reversed log
2025-05-01 00:57:06,543 - main_log_logic - INFO - Adding 1 new entries to reversed log
2025-05-01 00:57:08,545 - main_log_logic - INFO - Adding 1 new entries to reversed log
2025-05-01 00:57:10,547 - main_log_logic - INFO - Adding 1 new entries to reversed log
2025-05-01 00:57:12,548 - main_log_logic - INFO - Adding 1 new entries to reversed log
2025-05-01 00:57:13,549 - main_log_logic - INFO - Adding 1 new entries to reversed log
2025-05-01 00:57:14,551 - main_log_logic - INFO - Adding 1 new entries to reversed log
2025-05-01 00:57:16,553 - main_log_logic - INFO - Adding 1 new entries to reversed log
2025-05-01 00:57:17,554 - main_log_logic - INFO - Adding 1 new entries to reversed log
2025-05-01 00:57:18,556 - main_log_logic - INFO - Adding 1 new entries to reversed log
2025-05-01 00:57:19,558 - main_log_logic - INFO - Adding 1 new entries to reversed log
2025-05-01 00:57:21,560 - main_log_logic - INFO - Adding 1 new entries to reversed log
2025-05-01 00:57:22,561 - main_log_logic - INFO - Adding 1 new entries to reversed log
2025-05-01 00:57:23,562 - main_log_logic - INFO - Adding 1 new entries to reversed log
2025-05-01 00:57:24,564 - main_log_logic - INFO - Adding 1 new entries to reversed log
2025-05-01 00:57:26,566 - main_log_logic - INFO - Adding 1 new entries to reversed log
2025-05-01 00:57:27,567 - main_log_logic - INFO - Adding 1 new entries to reversed log
2025-05-01 00:57:57,587 - main_log_logic - INFO - Adding 1 new entries to reversed log
2025-05-01 00:57:58,589 - main_log_logic - INFO - Adding 1 new entries to reversed log
2025-05-01 00:57:59,590 - main_log_logic - INFO - Adding 1 new entries to reversed log
2025-05-01 00:58:00,591 - main_log_logic - INFO - Adding 1 new entries to reversed log
2025-05-01 00:58:02,593 - main_log_logic - INFO - Adding 1 new entries to reversed log
2025-05-01 00:58:03,595 - main_log_logic - INFO - Adding 1 new entries to reversed log
2025-05-01 00:58:04,597 - main_log_logic - INFO - Adding 1 new entries to reversed log
2025-05-01 00:58:05,598 - main_log_logic - INFO - Adding 1 new entries to reversed log
2025-05-01 00:58:06,600 - main_log_logic - INFO - Adding 1 new entries to reversed log
2025-05-01 00:58:07,601 - main_log_logic - INFO - Adding 1 new entries to reversed log
2025-05-01 00:58:08,603 - main_log_logic - INFO - Adding 1 new entries to reversed log
2025-05-01 00:58:09,604 - main_log_logic - INFO - Adding 1 new entries to reversed log
2025-05-01 00:58:10,606 - main_log_logic - INFO - Adding 1 new entries to reversed log
2025-05-01 00:58:11,608 - main_log_logic - INFO - Adding 1 new entries to reversed log
2025-05-01 00:58:12,609 - main_log_logic - INFO - Adding 1 new entries to reversed log
2025-05-01 00:58:13,611 - main_log_logic - INFO - Adding 1 new entries to reversed log
2025-05-01 00:58:14,612 - main_log_logic - INFO - Adding 1 new entries to reversed log
2025-05-01 00:58:15,613 - main_log_logic - INFO - Adding 1 new entries to reversed log
2025-05-01 00:58:16,615 - main_log_logic - INFO - Adding 1 new entries to reversed log
2025-05-01 00:58:17,617 - main_log_logic - INFO - Adding 1 new entries to reversed log
2025-05-01 00:58:47,638 - main_log_logic - INFO - Adding 1 new entries to reversed log
2025-05-01 00:58:48,640 - main_log_logic - INFO - Adding 1 new entries to reversed log
2025-05-01 00:58:49,641 - main_log_logic - INFO - Adding 1 new entries to reversed log
2025-05-01 00:58:50,643 - main_log_logic - INFO - Adding 1 new entries to reversed log
2025-05-01 00:58:51,644 - main_log_logic - INFO - Adding 1 new entries to reversed log
2025-05-01 00:58:52,645 - main_log_logic - INFO - Adding 1 new entries to reversed log
2025-05-01 00:58:53,647 - main_log_logic - INFO - Adding 1 new entries to reversed log
2025-05-01 00:58:54,649 - main_log_logic - INFO - Adding 1 new entries to reversed log
2025-05-01 00:58:55,650 - main_log_logic - INFO - Adding 1 new entries to reversed log
2025-05-01 00:58:56,652 - main_log_logic - INFO - Adding 1 new entries to reversed log
2025-05-01 00:58:57,655 - main_log_logic - INFO - Adding 1 new entries to reversed log
2025-05-01 00:58:58,657 - main_log_logic - INFO - Adding 1 new entries to reversed log
2025-05-01 00:58:59,659 - main_log_logic - INFO - Adding 1 new entries to reversed log
2025-05-01 00:59:00,660 - main_log_logic - INFO - Adding 1 new entries to reversed log
2025-05-01 00:59:01,662 - main_log_logic - INFO - Adding 1 new entries to reversed log
2025-05-01 00:59:02,663 - main_log_logic - INFO - Adding 1 new entries to reversed log
2025-05-01 00:59:03,665 - main_log_logic - INFO - Adding 1 new entries to reversed log
2025-05-01 00:59:33,687 - main_log_logic - INFO - Adding 1 new entries to reversed log
2025-05-01 00:59:34,689 - main_log_logic - INFO - Adding 1 new entries to reversed log
2025-05-01 00:59:35,691 - main_log_logic - INFO - Adding 1 new entries to reversed log
2025-05-01 00:59:36,692 - main_log_logic - INFO - Adding 1 new entries to reversed log
2025-05-01 00:59:37,694 - main_log_logic - INFO - Adding 1 new entries to reversed log
2025-05-01 00:59:38,696 - main_log_logic - INFO - Adding 1 new entries to reversed log
2025-05-01 00:59:39,698 - main_log_logic - INFO - Adding 1 new entries to reversed log
2025-05-01 00:59:40,700 - main_log_logic - INFO - Adding 1 new entries to reversed log
2025-05-01 00:59:41,702 - main_log_logic - INFO - Adding 1 new entries to reversed log
2025-05-01 00:59:42,706 - main_log_logic - INFO - Adding 1 new entries to reversed log
2025-05-01 00:59:43,709 - main_log_logic - INFO - Adding 1 new entries to reversed log
2025-05-01 00:59:44,711 - main_log_logic - INFO - Adding 1 new entries to reversed log
2025-05-01 00:59:45,716 - main_log_logic - INFO - Adding 1 new entries to reversed log
2025-05-01 00:59:46,718 - main_log_logic - INFO - Adding 1 new entries to reversed log
2025-05-01 01:00:16,748 - main_log_logic - INFO - Adding 1 new entries to reversed log
2025-05-01 01:00:17,751 - main_log_logic - INFO - Adding 1 new entries to reversed log
2025-05-01 01:00:18,752 - main_log_logic - INFO - Adding 1 new entries to reversed log
2025-05-01 01:00:19,754 - main_log_logic - INFO - Adding 1 new entries to reversed log
2025-05-01 01:00:21,757 - main_log_logic - INFO - Adding 1 new entries to reversed log
2025-05-01 01:00:22,759 - main_log_logic - INFO - Adding 1 new entries to reversed log
2025-05-01 01:00:23,761 - main_log_logic - INFO - Adding 1 new entries to reversed log
2025-05-01 01:00:24,763 - main_log_logic - INFO - Adding 1 new entries to reversed log
2025-05-01 01:00:25,765 - main_log_logic - INFO - Adding 1 new entries to reversed log
2025-05-01 01:00:26,767 - main_log_logic - INFO - Adding 1 new entries to reversed log
2025-05-01 01:00:27,769 - main_log_logic - INFO - Adding 1 new entries to reversed log
2025-05-01 01:00:28,771 - main_log_logic - INFO - Adding 1 new entries to reversed log
2025-05-01 01:00:29,773 - main_log_logic - INFO - Adding 1 new entries to reversed log
2025-05-01 01:00:30,775 - main_log_logic - INFO - Adding 1 new entries to reversed log
2025-05-01 01:00:31,777 - main_log_logic - INFO - Adding 1 new entries to reversed log
2025-05-01 01:00:32,779 - main_log_logic - INFO - Adding 1 new entries to reversed log
2025-05-01 01:00:34,782 - main_log_logic - INFO - Adding 1 new entries to reversed log
2025-05-01 01:00:35,784 - main_log_logic - INFO - Adding 1 new entries to reversed log
2025-05-01 01:01:05,802 - main_log_logic - INFO - Adding 1 new entries to reversed log
2025-05-01 01:01:06,806 - main_log_logic - INFO - Adding 1 new entries to reversed log
2025-05-01 01:01:07,808 - main_log_logic - INFO - Adding 1 new entries to reversed log
2025-05-01 01:01:08,810 - main_log_logic - INFO - Adding 1 new entries to reversed log
2025-05-01 01:01:09,812 - main_log_logic - INFO - Adding 1 new entries to reversed log
2025-05-01 01:01:10,814 - main_log_logic - INFO - Adding 1 new entries to reversed log
2025-05-01 01:01:11,817 - main_log_logic - INFO - Adding 1 new entries to reversed log
2025-05-01 01:01:12,819 - main_log_logic - INFO - Adding 1 new entries to reversed log
2025-05-01 01:01:13,821 - main_log_logic - INFO - Adding 1 new entries to reversed log
2025-05-01 01:01:14,823 - main_log_logic - INFO - Adding 1 new entries to reversed log
2025-05-01 01:01:15,825 - main_log_logic - INFO - Adding 1 new entries to reversed log
2025-05-01 01:01:16,827 - main_log_logic - INFO - Adding 1 new entries to reversed log
2025-05-01 01:01:17,829 - main_log_logic - INFO - Adding 1 new entries to reversed log
2025-05-01 01:01:18,831 - main_log_logic - INFO - Adding 1 new entries to reversed log
2025-05-01 01:01:20,834 - main_log_logic - INFO - Adding 1 new entries to reversed log
2025-05-01 01:01:21,836 - main_log_logic - INFO - Adding 1 new entries to reversed log
2025-05-01 01:01:22,838 - main_log_logic - INFO - Adding 1 new entries to reversed log
2025-05-01 01:01:52,856 - main_log_logic - INFO - Adding 1 new entries to reversed log
2025-05-01 01:01:53,858 - main_log_logic - INFO - Adding 1 new entries to reversed log
2025-05-01 01:01:54,860 - main_log_logic - INFO - Adding 1 new entries to reversed log
2025-05-01 01:01:55,863 - main_log_logic - INFO - Adding 1 new entries to reversed log
2025-05-01 01:01:56,865 - main_log_logic - INFO - Adding 1 new entries to reversed log
2025-05-01 01:01:57,867 - main_log_logic - INFO - Adding 1 new entries to reversed log
2025-05-01 01:01:58,870 - main_log_logic - INFO - Adding 1 new entries to reversed log
2025-05-01 01:01:59,873 - main_log_logic - INFO - Adding 1 new entries to reversed log
2025-05-01 01:02:00,876 - main_log_logic - INFO - Adding 1 new entries to reversed log
2025-05-01 01:02:01,879 - main_log_logic - INFO - Adding 1 new entries to reversed log
2025-05-01 01:02:02,881 - main_log_logic - INFO - Adding 1 new entries to reversed log
2025-05-01 01:02:03,884 - main_log_logic - INFO - Adding 1 new entries to reversed log
2025-05-01 01:02:04,887 - main_log_logic - INFO - Adding 1 new entries to reversed log
2025-05-01 01:02:05,889 - main_log_logic - INFO - Adding 1 new entries to reversed log
2025-05-01 01:02:06,892 - main_log_logic - INFO - Adding 1 new entries to reversed log
2025-05-01 01:02:09,526 - main_log_logic - INFO - Received shutdown signal. Exiting...
2025-05-01 01:02:10,567 - main_log_logic - INFO - PID 336699 saved to /root/CascadeProjects/sports bot/football/logs/Main_Log/main_log_pid.txt
2025-05-01 01:02:10,567 - main_log_logic - INFO - Starting Main Log Management System...
2025-05-01 01:02:10,567 - main_log_logic - INFO - Starting from position: 7615748
2025-05-01 01:02:10,567 - main_log_logic - INFO - Main Log Management System started successfully
2025-05-01 01:02:36,582 - main_log_logic - INFO - Adding 1 new entries to reversed log
2025-05-01 01:02:37,583 - main_log_logic - INFO - Adding 1 new entries to reversed log
2025-05-01 01:02:38,585 - main_log_logic - INFO - Adding 1 new entries to reversed log
2025-05-01 01:02:39,586 - main_log_logic - INFO - Adding 1 new entries to reversed log
2025-05-01 01:02:40,587 - main_log_logic - INFO - Adding 1 new entries to reversed log
2025-05-01 01:02:41,588 - main_log_logic - INFO - Adding 1 new entries to reversed log
2025-05-01 01:02:42,589 - main_log_logic - INFO - Adding 1 new entries to reversed log
2025-05-01 01:02:43,590 - main_log_logic - INFO - Adding 1 new entries to reversed log
2025-05-01 01:02:44,592 - main_log_logic - INFO - Adding 1 new entries to reversed log
2025-05-01 01:02:45,593 - main_log_logic - INFO - Adding 1 new entries to reversed log
2025-05-01 01:02:46,594 - main_log_logic - INFO - Adding 1 new entries to reversed log
2025-05-01 01:02:47,595 - main_log_logic - INFO - Adding 1 new entries to reversed log
2025-05-01 01:02:48,596 - main_log_logic - INFO - Adding 1 new entries to reversed log
2025-05-01 01:02:49,597 - main_log_logic - INFO - Adding 1 new entries to reversed log
2025-05-01 01:02:50,598 - main_log_logic - INFO - Adding 1 new entries to reversed log
2025-05-01 01:03:20,615 - main_log_logic - INFO - Adding 1 new entries to reversed log
2025-05-01 01:03:21,617 - main_log_logic - INFO - Adding 1 new entries to reversed log
2025-05-01 01:03:22,618 - main_log_logic - INFO - Adding 1 new entries to reversed log
2025-05-01 01:03:23,619 - main_log_logic - INFO - Adding 1 new entries to reversed log
2025-05-01 01:03:24,620 - main_log_logic - INFO - Adding 1 new entries to reversed log
2025-05-01 01:03:25,621 - main_log_logic - INFO - Adding 1 new entries to reversed log
2025-05-01 01:03:26,623 - main_log_logic - INFO - Adding 1 new entries to reversed log
2025-05-01 01:03:27,624 - main_log_logic - INFO - Adding 1 new entries to reversed log
2025-05-01 01:03:28,625 - main_log_logic - INFO - Adding 1 new entries to reversed log
2025-05-01 01:03:29,627 - main_log_logic - INFO - Adding 1 new entries to reversed log
2025-05-01 01:03:30,628 - main_log_logic - INFO - Adding 1 new entries to reversed log
2025-05-01 01:03:31,629 - main_log_logic - INFO - Adding 1 new entries to reversed log
2025-05-01 01:03:32,631 - main_log_logic - INFO - Adding 1 new entries to reversed log
2025-05-01 01:03:33,632 - main_log_logic - INFO - Adding 1 new entries to reversed log
2025-05-01 01:03:34,634 - main_log_logic - INFO - Adding 1 new entries to reversed log
2025-05-01 01:04:04,653 - main_log_logic - INFO - Adding 1 new entries to reversed log
2025-05-01 01:04:05,655 - main_log_logic - INFO - Adding 1 new entries to reversed log
2025-05-01 01:04:06,657 - main_log_logic - INFO - Adding 1 new entries to reversed log
2025-05-01 01:04:07,658 - main_log_logic - INFO - Adding 1 new entries to reversed log
2025-05-01 01:04:08,659 - main_log_logic - INFO - Adding 1 new entries to reversed log
2025-05-01 01:04:09,661 - main_log_logic - INFO - Adding 1 new entries to reversed log
2025-05-01 01:04:10,665 - main_log_logic - INFO - Adding 1 new entries to reversed log
2025-05-01 01:04:11,667 - main_log_logic - INFO - Adding 1 new entries to reversed log
2025-05-01 01:04:12,668 - main_log_logic - INFO - Adding 1 new entries to reversed log
2025-05-01 01:04:13,672 - main_log_logic - INFO - Adding 1 new entries to reversed log
2025-05-01 01:04:14,674 - main_log_logic - INFO - Adding 1 new entries to reversed log
2025-05-01 01:04:15,675 - main_log_logic - INFO - Adding 1 new entries to reversed log
2025-05-01 01:04:16,677 - main_log_logic - INFO - Adding 1 new entries to reversed log
2025-05-01 01:04:17,681 - main_log_logic - INFO - Adding 1 new entries to reversed log
2025-05-01 01:04:47,704 - main_log_logic - INFO - Adding 1 new entries to reversed log
2025-05-01 01:04:48,707 - main_log_logic - INFO - Adding 1 new entries to reversed log
2025-05-01 01:04:49,709 - main_log_logic - INFO - Adding 1 new entries to reversed log
2025-05-01 01:04:50,710 - main_log_logic - INFO - Adding 1 new entries to reversed log
2025-05-01 01:04:51,712 - main_log_logic - INFO - Adding 1 new entries to reversed log
2025-05-01 01:04:52,714 - main_log_logic - INFO - Adding 1 new entries to reversed log
2025-05-01 01:04:53,716 - main_log_logic - INFO - Adding 1 new entries to reversed log
2025-05-01 01:04:54,717 - main_log_logic - INFO - Adding 1 new entries to reversed log
2025-05-01 01:04:55,720 - main_log_logic - INFO - Adding 1 new entries to reversed log
2025-05-01 01:04:56,721 - main_log_logic - INFO - Adding 1 new entries to reversed log
2025-05-01 01:04:57,725 - main_log_logic - INFO - Adding 1 new entries to reversed log
2025-05-01 01:04:58,728 - main_log_logic - INFO - Adding 1 new entries to reversed log
2025-05-01 01:04:59,730 - main_log_logic - INFO - Adding 1 new entries to reversed log
2025-05-01 01:05:00,733 - main_log_logic - INFO - Adding 1 new entries to reversed log
2025-05-01 01:05:30,752 - main_log_logic - INFO - Adding 1 new entries to reversed log
2025-05-01 01:05:31,754 - main_log_logic - INFO - Adding 1 new entries to reversed log
2025-05-01 01:05:33,757 - main_log_logic - INFO - Adding 1 new entries to reversed log
2025-05-01 01:05:34,759 - main_log_logic - INFO - Adding 1 new entries to reversed log
2025-05-01 01:05:35,765 - main_log_logic - INFO - Adding 1 new entries to reversed log
2025-05-01 01:05:36,767 - main_log_logic - INFO - Adding 1 new entries to reversed log
2025-05-01 01:05:37,769 - main_log_logic - INFO - Adding 1 new entries to reversed log
2025-05-01 01:05:38,771 - main_log_logic - INFO - Adding 1 new entries to reversed log
2025-05-01 01:05:39,775 - main_log_logic - INFO - Adding 1 new entries to reversed log
2025-05-01 01:05:40,777 - main_log_logic - INFO - Adding 1 new entries to reversed log
2025-05-01 01:05:41,780 - main_log_logic - INFO - Adding 1 new entries to reversed log
2025-05-01 01:05:42,783 - main_log_logic - INFO - Adding 1 new entries to reversed log
2025-05-01 01:05:43,785 - main_log_logic - INFO - Adding 1 new entries to reversed log
2025-05-01 01:05:44,787 - main_log_logic - INFO - Adding 1 new entries to reversed log
2025-05-01 01:05:45,789 - main_log_logic - INFO - Adding 1 new entries to reversed log
2025-05-01 01:06:15,807 - main_log_logic - INFO - Adding 1 new entries to reversed log
2025-05-01 01:06:16,810 - main_log_logic - INFO - Adding 1 new entries to reversed log
2025-05-01 01:06:17,813 - main_log_logic - INFO - Adding 1 new entries to reversed log
2025-05-01 01:06:18,814 - main_log_logic - INFO - Adding 1 new entries to reversed log
2025-05-01 01:06:19,818 - main_log_logic - INFO - Adding 1 new entries to reversed log
2025-05-01 01:06:20,820 - main_log_logic - INFO - Adding 1 new entries to reversed log
2025-05-01 01:06:22,823 - main_log_logic - INFO - Adding 1 new entries to reversed log
2025-05-01 01:06:23,825 - main_log_logic - INFO - Adding 1 new entries to reversed log
2025-05-01 01:06:24,829 - main_log_logic - INFO - Adding 1 new entries to reversed log
2025-05-01 01:06:25,831 - main_log_logic - INFO - Adding 1 new entries to reversed log
2025-05-01 01:06:26,834 - main_log_logic - INFO - Adding 1 new entries to reversed log
2025-05-01 01:06:27,836 - main_log_logic - INFO - Adding 1 new entries to reversed log
2025-05-01 01:06:28,839 - main_log_logic - INFO - Adding 1 new entries to reversed log
2025-05-01 01:06:29,844 - main_log_logic - INFO - Adding 1 new entries to reversed log
2025-05-01 01:06:30,846 - main_log_logic - INFO - Adding 1 new entries to reversed log
2025-05-01 01:07:00,870 - main_log_logic - INFO - Adding 1 new entries to reversed log
2025-05-01 01:07:01,874 - main_log_logic - INFO - Adding 1 new entries to reversed log
2025-05-01 01:07:02,881 - main_log_logic - INFO - Adding 1 new entries to reversed log
2025-05-01 01:07:03,883 - main_log_logic - INFO - Adding 1 new entries to reversed log
2025-05-01 01:07:04,885 - main_log_logic - INFO - Adding 1 new entries to reversed log
2025-05-01 01:07:05,886 - main_log_logic - INFO - Adding 1 new entries to reversed log
2025-05-01 01:07:06,888 - main_log_logic - INFO - Adding 1 new entries to reversed log
2025-05-01 01:07:07,890 - main_log_logic - INFO - Adding 1 new entries to reversed log
2025-05-01 01:07:08,892 - main_log_logic - INFO - Adding 1 new entries to reversed log
2025-05-01 01:07:09,895 - main_log_logic - INFO - Adding 1 new entries to reversed log
2025-05-01 01:07:10,901 - main_log_logic - INFO - Adding 1 new entries to reversed log
2025-05-01 01:07:11,903 - main_log_logic - INFO - Adding 1 new entries to reversed log
2025-05-01 01:07:12,905 - main_log_logic - INFO - Adding 1 new entries to reversed log
2025-05-01 01:07:13,907 - main_log_logic - INFO - Adding 1 new entries to reversed log
2025-05-01 01:07:14,909 - main_log_logic - INFO - Adding 1 new entries to reversed log
2025-05-01 01:07:15,911 - main_log_logic - INFO - Adding 1 new entries to reversed log
2025-05-01 01:07:45,930 - main_log_logic - INFO - Adding 1 new entries to reversed log
2025-05-01 01:07:46,934 - main_log_logic - INFO - Adding 1 new entries to reversed log
2025-05-01 01:07:47,937 - main_log_logic - INFO - Adding 1 new entries to reversed log
2025-05-01 01:07:48,939 - main_log_logic - INFO - Adding 1 new entries to reversed log
2025-05-01 01:07:49,941 - main_log_logic - INFO - Adding 1 new entries to reversed log
2025-05-01 01:07:50,943 - main_log_logic - INFO - Adding 1 new entries to reversed log
2025-05-01 01:07:51,946 - main_log_logic - INFO - Adding 1 new entries to reversed log
2025-05-01 01:07:52,951 - main_log_logic - INFO - Adding 1 new entries to reversed log
2025-05-01 01:07:53,958 - main_log_logic - INFO - Adding 1 new entries to reversed log
2025-05-01 01:07:54,963 - main_log_logic - INFO - Adding 1 new entries to reversed log
2025-05-01 01:07:55,965 - main_log_logic - INFO - Adding 1 new entries to reversed log
2025-05-01 01:07:56,968 - main_log_logic - INFO - Adding 1 new entries to reversed log
2025-05-01 01:07:57,971 - main_log_logic - INFO - Adding 1 new entries to reversed log
2025-05-01 01:07:58,973 - main_log_logic - INFO - Adding 1 new entries to reversed log
2025-05-01 01:07:59,979 - main_log_logic - INFO - Adding 1 new entries to reversed log
2025-05-01 01:08:30,002 - main_log_logic - INFO - Adding 1 new entries to reversed log
2025-05-01 01:08:31,005 - main_log_logic - INFO - Adding 1 new entries to reversed log
2025-05-01 01:08:32,009 - main_log_logic - INFO - Adding 1 new entries to reversed log
2025-05-01 01:08:33,012 - main_log_logic - INFO - Adding 1 new entries to reversed log
2025-05-01 01:08:34,015 - main_log_logic - INFO - Adding 1 new entries to reversed log
2025-05-01 01:08:35,020 - main_log_logic - INFO - Adding 1 new entries to reversed log
2025-05-01 01:08:36,023 - main_log_logic - INFO - Adding 1 new entries to reversed log
2025-05-01 01:08:37,025 - main_log_logic - INFO - Adding 1 new entries to reversed log
2025-05-01 01:08:38,028 - main_log_logic - INFO - Adding 1 new entries to reversed log
2025-05-01 01:08:39,034 - main_log_logic - INFO - Adding 1 new entries to reversed log
2025-05-01 01:08:40,036 - main_log_logic - INFO - Adding 1 new entries to reversed log
2025-05-01 01:08:41,039 - main_log_logic - INFO - Adding 1 new entries to reversed log
2025-05-01 01:08:42,041 - main_log_logic - INFO - Adding 1 new entries to reversed log
2025-05-01 01:08:43,043 - main_log_logic - INFO - Adding 1 new entries to reversed log
2025-05-01 01:09:13,063 - main_log_logic - INFO - Adding 1 new entries to reversed log
2025-05-01 01:09:14,066 - main_log_logic - INFO - Adding 1 new entries to reversed log
2025-05-01 01:09:15,071 - main_log_logic - INFO - Adding 1 new entries to reversed log
2025-05-01 01:09:16,076 - main_log_logic - INFO - Adding 1 new entries to reversed log
2025-05-01 01:09:17,079 - main_log_logic - INFO - Adding 1 new entries to reversed log
2025-05-01 01:09:18,081 - main_log_logic - INFO - Adding 1 new entries to reversed log
2025-05-01 01:09:19,084 - main_log_logic - INFO - Adding 1 new entries to reversed log
2025-05-01 01:09:20,090 - main_log_logic - INFO - Adding 1 new entries to reversed log
2025-05-01 01:09:21,092 - main_log_logic - INFO - Adding 1 new entries to reversed log
2025-05-01 01:09:22,100 - main_log_logic - INFO - Adding 1 new entries to reversed log
2025-05-01 01:09:23,103 - main_log_logic - INFO - Adding 1 new entries to reversed log
2025-05-01 01:09:24,106 - main_log_logic - INFO - Adding 1 new entries to reversed log
2025-05-01 01:09:25,110 - main_log_logic - INFO - Adding 1 new entries to reversed log
2025-05-01 01:09:26,112 - main_log_logic - INFO - Adding 1 new entries to reversed log
2025-05-01 01:09:27,115 - main_log_logic - INFO - Adding 1 new entries to reversed log
2025-05-01 01:09:57,135 - main_log_logic - INFO - Adding 1 new entries to reversed log
2025-05-01 01:09:58,138 - main_log_logic - INFO - Adding 1 new entries to reversed log
2025-05-01 01:09:59,145 - main_log_logic - INFO - Adding 1 new entries to reversed log
2025-05-01 01:10:00,147 - main_log_logic - INFO - Adding 1 new entries to reversed log
2025-05-01 01:10:02,150 - main_log_logic - INFO - Adding 1 new entries to reversed log
2025-05-01 01:10:03,157 - main_log_logic - INFO - Adding 1 new entries to reversed log
2025-05-01 01:10:04,160 - main_log_logic - INFO - Adding 1 new entries to reversed log
2025-05-01 01:10:05,162 - main_log_logic - INFO - Adding 1 new entries to reversed log
2025-05-01 01:10:06,168 - main_log_logic - INFO - Adding 1 new entries to reversed log
2025-05-01 01:10:07,175 - main_log_logic - INFO - Adding 1 new entries to reversed log
2025-05-01 01:10:08,178 - main_log_logic - INFO - Adding 1 new entries to reversed log
2025-05-01 01:10:09,180 - main_log_logic - INFO - Adding 1 new entries to reversed log
2025-05-01 01:10:10,183 - main_log_logic - INFO - Adding 1 new entries to reversed log
2025-05-01 01:10:40,204 - main_log_logic - INFO - Adding 1 new entries to reversed log
2025-05-01 01:10:41,206 - main_log_logic - INFO - Adding 1 new entries to reversed log
2025-05-01 01:10:42,209 - main_log_logic - INFO - Adding 1 new entries to reversed log
2025-05-01 01:10:43,212 - main_log_logic - INFO - Adding 1 new entries to reversed log
2025-05-01 01:10:44,214 - main_log_logic - INFO - Adding 1 new entries to reversed log
2025-05-01 01:10:45,219 - main_log_logic - INFO - Adding 1 new entries to reversed log
2025-05-01 01:10:46,232 - main_log_logic - INFO - Adding 1 new entries to reversed log
2025-05-01 01:10:47,236 - main_log_logic - INFO - Adding 1 new entries to reversed log
2025-05-01 01:10:48,239 - main_log_logic - INFO - Adding 1 new entries to reversed log
2025-05-01 01:10:49,242 - main_log_logic - INFO - Adding 1 new entries to reversed log
2025-05-01 01:10:50,245 - main_log_logic - INFO - Adding 1 new entries to reversed log
2025-05-01 01:10:51,252 - main_log_logic - INFO - Adding 1 new entries to reversed log
2025-05-01 01:10:52,258 - main_log_logic - INFO - Adding 1 new entries to reversed log
2025-05-01 01:10:53,260 - main_log_logic - INFO - Adding 1 new entries to reversed log
2025-05-01 01:11:23,279 - main_log_logic - INFO - Adding 1 new entries to reversed log
2025-05-01 01:11:24,283 - main_log_logic - INFO - Adding 1 new entries to reversed log
2025-05-01 01:11:25,288 - main_log_logic - INFO - Adding 1 new entries to reversed log
2025-05-01 01:11:26,291 - main_log_logic - INFO - Adding 1 new entries to reversed log
2025-05-01 01:11:27,294 - main_log_logic - INFO - Adding 1 new entries to reversed log
2025-05-01 01:11:28,297 - main_log_logic - INFO - Adding 1 new entries to reversed log
2025-05-01 01:11:29,300 - main_log_logic - INFO - Adding 1 new entries to reversed log
2025-05-01 01:11:30,303 - main_log_logic - INFO - Adding 1 new entries to reversed log
2025-05-01 01:11:31,308 - main_log_logic - INFO - Adding 1 new entries to reversed log
2025-05-01 01:11:32,313 - main_log_logic - INFO - Adding 1 new entries to reversed log
2025-05-01 01:11:33,316 - main_log_logic - INFO - Adding 1 new entries to reversed log
2025-05-01 01:11:34,320 - main_log_logic - INFO - Adding 1 new entries to reversed log
2025-05-01 01:11:36,323 - main_log_logic - INFO - Adding 1 new entries to reversed log
2025-05-01 01:11:37,326 - main_log_logic - INFO - Adding 1 new entries to reversed log
2025-05-01 01:11:38,334 - main_log_logic - INFO - Adding 1 new entries to reversed log
2025-05-01 01:11:39,336 - main_log_logic - INFO - Adding 1 new entries to reversed log
2025-05-01 01:12:09,356 - main_log_logic - INFO - Adding 1 new entries to reversed log
2025-05-01 01:12:10,359 - main_log_logic - INFO - Adding 1 new entries to reversed log
2025-05-01 01:12:11,366 - main_log_logic - INFO - Adding 1 new entries to reversed log
2025-05-01 01:12:12,370 - main_log_logic - INFO - Adding 1 new entries to reversed log
2025-05-01 01:12:13,374 - main_log_logic - INFO - Adding 1 new entries to reversed log
2025-05-01 01:12:14,377 - main_log_logic - INFO - Adding 1 new entries to reversed log
2025-05-01 01:12:15,380 - main_log_logic - INFO - Adding 1 new entries to reversed log
2025-05-01 01:12:16,383 - main_log_logic - INFO - Adding 1 new entries to reversed log
2025-05-01 01:12:17,387 - main_log_logic - INFO - Adding 1 new entries to reversed log
2025-05-01 01:12:18,395 - main_log_logic - INFO - Adding 1 new entries to reversed log
2025-05-01 01:12:19,399 - main_log_logic - INFO - Adding 1 new entries to reversed log
2025-05-01 01:12:20,402 - main_log_logic - INFO - Adding 1 new entries to reversed log
2025-05-01 01:12:21,405 - main_log_logic - INFO - Adding 1 new entries to reversed log
2025-05-01 01:12:51,425 - main_log_logic - INFO - Adding 1 new entries to reversed log
2025-05-01 01:12:53,428 - main_log_logic - INFO - Adding 1 new entries to reversed log
2025-05-01 01:12:54,432 - main_log_logic - INFO - Adding 1 new entries to reversed log
2025-05-01 01:12:55,434 - main_log_logic - INFO - Adding 1 new entries to reversed log
2025-05-01 01:12:56,437 - main_log_logic - INFO - Adding 1 new entries to reversed log
2025-05-01 01:12:57,440 - main_log_logic - INFO - Adding 1 new entries to reversed log
2025-05-01 01:12:58,443 - main_log_logic - INFO - Adding 1 new entries to reversed log
2025-05-01 01:12:59,446 - main_log_logic - INFO - Adding 1 new entries to reversed log
2025-05-01 01:13:00,448 - main_log_logic - INFO - Adding 1 new entries to reversed log
2025-05-01 01:13:01,451 - main_log_logic - INFO - Adding 1 new entries to reversed log
2025-05-01 01:13:02,454 - main_log_logic - INFO - Adding 1 new entries to reversed log
2025-05-01 01:13:03,457 - main_log_logic - INFO - Adding 1 new entries to reversed log
2025-05-01 01:13:04,460 - main_log_logic - INFO - Adding 1 new entries to reversed log
2025-05-01 01:13:05,464 - main_log_logic - INFO - Adding 1 new entries to reversed log
2025-05-01 01:13:06,466 - main_log_logic - INFO - Adding 1 new entries to reversed log
2025-05-01 01:13:36,485 - main_log_logic - INFO - Adding 1 new entries to reversed log
2025-05-01 01:13:38,488 - main_log_logic - INFO - Adding 1 new entries to reversed log
2025-05-01 01:13:39,491 - main_log_logic - INFO - Adding 1 new entries to reversed log
2025-05-01 01:13:40,494 - main_log_logic - INFO - Adding 1 new entries to reversed log
2025-05-01 01:13:41,496 - main_log_logic - INFO - Adding 1 new entries to reversed log
2025-05-01 01:13:42,499 - main_log_logic - INFO - Adding 1 new entries to reversed log
2025-05-01 01:13:43,503 - main_log_logic - INFO - Adding 1 new entries to reversed log
2025-05-01 01:13:44,505 - main_log_logic - INFO - Adding 1 new entries to reversed log
2025-05-01 01:13:45,509 - main_log_logic - INFO - Adding 1 new entries to reversed log
2025-05-01 01:13:46,512 - main_log_logic - INFO - Adding 1 new entries to reversed log
2025-05-01 01:13:47,515 - main_log_logic - INFO - Adding 1 new entries to reversed log
2025-05-01 01:13:48,518 - main_log_logic - INFO - Adding 1 new entries to reversed log
2025-05-01 01:13:49,521 - main_log_logic - INFO - Adding 1 new entries to reversed log
2025-05-01 01:14:19,544 - main_log_logic - INFO - Adding 1 new entries to reversed log
2025-05-01 01:14:20,547 - main_log_logic - INFO - Adding 1 new entries to reversed log
2025-05-01 01:14:21,550 - main_log_logic - INFO - Adding 1 new entries to reversed log
2025-05-01 01:14:22,553 - main_log_logic - INFO - Adding 1 new entries to reversed log
2025-05-01 01:14:23,556 - main_log_logic - INFO - Adding 1 new entries to reversed log
2025-05-01 01:14:24,560 - main_log_logic - INFO - Adding 1 new entries to reversed log
2025-05-01 01:14:25,563 - main_log_logic - INFO - Adding 1 new entries to reversed log
2025-05-01 01:14:26,566 - main_log_logic - INFO - Adding 1 new entries to reversed log
2025-05-01 01:14:27,569 - main_log_logic - INFO - Adding 1 new entries to reversed log
2025-05-01 01:14:28,572 - main_log_logic - INFO - Adding 1 new entries to reversed log
2025-05-01 01:14:29,575 - main_log_logic - INFO - Adding 1 new entries to reversed log
2025-05-01 01:14:30,579 - main_log_logic - INFO - Adding 1 new entries to reversed log
2025-05-01 01:15:00,599 - main_log_logic - INFO - Adding 1 new entries to reversed log
2025-05-01 01:15:01,602 - main_log_logic - INFO - Adding 1 new entries to reversed log
2025-05-01 01:15:02,605 - main_log_logic - INFO - Adding 1 new entries to reversed log
2025-05-01 01:15:03,608 - main_log_logic - INFO - Adding 1 new entries to reversed log
2025-05-01 01:15:04,611 - main_log_logic - INFO - Adding 1 new entries to reversed log
2025-05-01 01:15:05,615 - main_log_logic - INFO - Adding 1 new entries to reversed log
2025-05-01 01:15:06,618 - main_log_logic - INFO - Adding 1 new entries to reversed log
2025-05-01 01:15:07,621 - main_log_logic - INFO - Adding 1 new entries to reversed log
2025-05-01 01:15:08,625 - main_log_logic - INFO - Adding 1 new entries to reversed log
2025-05-01 01:15:09,628 - main_log_logic - INFO - Adding 1 new entries to reversed log
2025-05-01 01:15:10,631 - main_log_logic - INFO - Adding 1 new entries to reversed log
2025-05-01 01:15:11,634 - main_log_logic - INFO - Adding 1 new entries to reversed log
2025-05-01 01:15:12,638 - main_log_logic - INFO - Adding 1 new entries to reversed log
2025-05-01 01:15:13,641 - main_log_logic - INFO - Adding 1 new entries to reversed log
2025-05-01 01:15:14,644 - main_log_logic - INFO - Adding 1 new entries to reversed log
2025-05-01 01:15:15,647 - main_log_logic - INFO - Adding 1 new entries to reversed log
2025-05-01 01:15:16,650 - main_log_logic - INFO - Adding 1 new entries to reversed log
2025-05-01 01:15:17,653 - main_log_logic - INFO - Adding 1 new entries to reversed log
2025-05-01 01:15:47,671 - main_log_logic - INFO - Adding 1 new entries to reversed log
2025-05-01 01:15:48,675 - main_log_logic - INFO - Adding 1 new entries to reversed log
2025-05-01 01:15:49,678 - main_log_logic - INFO - Adding 1 new entries to reversed log
2025-05-01 01:15:50,681 - main_log_logic - INFO - Adding 1 new entries to reversed log
2025-05-01 01:15:51,684 - main_log_logic - INFO - Adding 1 new entries to reversed log
2025-05-01 01:15:52,688 - main_log_logic - INFO - Adding 1 new entries to reversed log
2025-05-01 01:15:53,692 - main_log_logic - INFO - Adding 1 new entries to reversed log
2025-05-01 01:15:54,695 - main_log_logic - INFO - Adding 1 new entries to reversed log
2025-05-01 01:15:55,698 - main_log_logic - INFO - Adding 1 new entries to reversed log
2025-05-01 01:15:56,701 - main_log_logic - INFO - Adding 1 new entries to reversed log
2025-05-01 01:15:57,705 - main_log_logic - INFO - Adding 1 new entries to reversed log
2025-05-01 01:15:58,708 - main_log_logic - INFO - Adding 1 new entries to reversed log
2025-05-01 01:15:59,711 - main_log_logic - INFO - Adding 1 new entries to reversed log
2025-05-01 01:16:00,715 - main_log_logic - INFO - Adding 1 new entries to reversed log
2025-05-01 01:16:30,733 - main_log_logic - INFO - Adding 1 new entries to reversed log
2025-05-01 01:16:31,736 - main_log_logic - INFO - Adding 1 new entries to reversed log
2025-05-01 01:16:32,739 - main_log_logic - INFO - Adding 1 new entries to reversed log
2025-05-01 01:16:33,742 - main_log_logic - INFO - Adding 1 new entries to reversed log
2025-05-01 01:16:34,747 - main_log_logic - INFO - Adding 1 new entries to reversed log
2025-05-01 01:16:35,750 - main_log_logic - INFO - Adding 1 new entries to reversed log
2025-05-01 01:16:36,753 - main_log_logic - INFO - Adding 1 new entries to reversed log
2025-05-01 01:16:37,756 - main_log_logic - INFO - Adding 1 new entries to reversed log
2025-05-01 01:16:38,760 - main_log_logic - INFO - Adding 1 new entries to reversed log
2025-05-01 01:16:39,764 - main_log_logic - INFO - Adding 1 new entries to reversed log
2025-05-01 01:16:41,768 - main_log_logic - INFO - Adding 1 new entries to reversed log
2025-05-01 01:16:42,771 - main_log_logic - INFO - Adding 1 new entries to reversed log
2025-05-01 01:16:43,774 - main_log_logic - INFO - Adding 1 new entries to reversed log
2025-05-01 01:17:13,794 - main_log_logic - INFO - Adding 1 new entries to reversed log
2025-05-01 01:17:14,799 - main_log_logic - INFO - Adding 1 new entries to reversed log
2025-05-01 01:17:15,802 - main_log_logic - INFO - Adding 1 new entries to reversed log
2025-05-01 01:17:16,806 - main_log_logic - INFO - Adding 1 new entries to reversed log
2025-05-01 01:17:17,809 - main_log_logic - INFO - Adding 1 new entries to reversed log
2025-05-01 01:17:18,812 - main_log_logic - INFO - Adding 1 new entries to reversed log
2025-05-01 01:17:19,816 - main_log_logic - INFO - Adding 1 new entries to reversed log
2025-05-01 01:17:20,820 - main_log_logic - INFO - Adding 1 new entries to reversed log
2025-05-01 01:17:21,824 - main_log_logic - INFO - Adding 1 new entries to reversed log
2025-05-01 01:17:22,827 - main_log_logic - INFO - Adding 1 new entries to reversed log
2025-05-01 01:17:23,831 - main_log_logic - INFO - Adding 1 new entries to reversed log
2025-05-01 01:17:24,834 - main_log_logic - INFO - Adding 1 new entries to reversed log
2025-05-01 01:17:54,853 - main_log_logic - INFO - Adding 1 new entries to reversed log
2025-05-01 01:17:55,856 - main_log_logic - INFO - Adding 1 new entries to reversed log
2025-05-01 01:17:56,860 - main_log_logic - INFO - Adding 1 new entries to reversed log
2025-05-01 01:17:57,864 - main_log_logic - INFO - Adding 1 new entries to reversed log
2025-05-01 01:17:58,867 - main_log_logic - INFO - Adding 1 new entries to reversed log
2025-05-01 01:17:59,870 - main_log_logic - INFO - Adding 1 new entries to reversed log
2025-05-01 01:18:00,874 - main_log_logic - INFO - Adding 1 new entries to reversed log
2025-05-01 01:18:01,878 - main_log_logic - INFO - Adding 1 new entries to reversed log
2025-05-01 01:18:02,881 - main_log_logic - INFO - Adding 1 new entries to reversed log
2025-05-01 01:18:03,885 - main_log_logic - INFO - Adding 1 new entries to reversed log
2025-05-01 01:18:04,888 - main_log_logic - INFO - Adding 1 new entries to reversed log
2025-05-01 01:18:05,892 - main_log_logic - INFO - Adding 1 new entries to reversed log
2025-05-01 01:18:06,895 - main_log_logic - INFO - Adding 1 new entries to reversed log
2025-05-01 01:18:07,899 - main_log_logic - INFO - Adding 1 new entries to reversed log
2025-05-01 01:18:37,924 - main_log_logic - INFO - Adding 1 new entries to reversed log
2025-05-01 01:18:38,928 - main_log_logic - INFO - Adding 1 new entries to reversed log
2025-05-01 01:18:39,931 - main_log_logic - INFO - Adding 1 new entries to reversed log
2025-05-01 01:18:40,935 - main_log_logic - INFO - Adding 1 new entries to reversed log
2025-05-01 01:18:41,941 - main_log_logic - INFO - Adding 1 new entries to reversed log
2025-05-01 01:18:42,944 - main_log_logic - INFO - Adding 1 new entries to reversed log
2025-05-01 01:18:43,948 - main_log_logic - INFO - Adding 1 new entries to reversed log
2025-05-01 01:18:44,951 - main_log_logic - INFO - Adding 1 new entries to reversed log
2025-05-01 01:18:45,956 - main_log_logic - INFO - Adding 1 new entries to reversed log
2025-05-01 01:18:46,960 - main_log_logic - INFO - Adding 1 new entries to reversed log
2025-05-01 01:18:47,964 - main_log_logic - INFO - Adding 1 new entries to reversed log
2025-05-01 01:18:48,967 - main_log_logic - INFO - Adding 1 new entries to reversed log
2025-05-01 01:19:18,991 - main_log_logic - INFO - Adding 1 new entries to reversed log
2025-05-01 01:19:19,994 - main_log_logic - INFO - Adding 1 new entries to reversed log
2025-05-01 01:19:21,000 - main_log_logic - INFO - Adding 1 new entries to reversed log
2025-05-01 01:19:22,003 - main_log_logic - INFO - Adding 1 new entries to reversed log
2025-05-01 01:19:23,007 - main_log_logic - INFO - Adding 1 new entries to reversed log
2025-05-01 01:19:24,011 - main_log_logic - INFO - Adding 1 new entries to reversed log
2025-05-01 01:19:25,014 - main_log_logic - INFO - Adding 1 new entries to reversed log
2025-05-01 01:19:26,018 - main_log_logic - INFO - Adding 1 new entries to reversed log
2025-05-01 01:19:27,022 - main_log_logic - INFO - Adding 1 new entries to reversed log
2025-05-01 01:19:28,028 - main_log_logic - INFO - Adding 1 new entries to reversed log
2025-05-01 01:19:29,036 - main_log_logic - INFO - Adding 1 new entries to reversed log
2025-05-01 01:19:30,039 - main_log_logic - INFO - Adding 1 new entries to reversed log
2025-05-01 01:19:31,043 - main_log_logic - INFO - Adding 1 new entries to reversed log
2025-05-01 01:20:01,062 - main_log_logic - INFO - Adding 1 new entries to reversed log
2025-05-01 01:20:02,066 - main_log_logic - INFO - Adding 1 new entries to reversed log
2025-05-01 01:20:03,071 - main_log_logic - INFO - Adding 1 new entries to reversed log
2025-05-01 01:20:04,074 - main_log_logic - INFO - Adding 1 new entries to reversed log
2025-05-01 01:20:05,078 - main_log_logic - INFO - Adding 1 new entries to reversed log
2025-05-01 01:20:06,082 - main_log_logic - INFO - Adding 1 new entries to reversed log
2025-05-01 01:20:07,086 - main_log_logic - INFO - Adding 1 new entries to reversed log
2025-05-01 01:20:08,090 - main_log_logic - INFO - Adding 1 new entries to reversed log
2025-05-01 01:20:09,094 - main_log_logic - INFO - Adding 1 new entries to reversed log
2025-05-01 01:20:10,098 - main_log_logic - INFO - Adding 1 new entries to reversed log
2025-05-01 01:20:11,102 - main_log_logic - INFO - Adding 1 new entries to reversed log
2025-05-01 01:20:12,106 - main_log_logic - INFO - Adding 1 new entries to reversed log
2025-05-01 01:20:13,112 - main_log_logic - INFO - Adding 1 new entries to reversed log
2025-05-01 01:20:14,116 - main_log_logic - INFO - Adding 1 new entries to reversed log
2025-05-01 01:20:15,120 - main_log_logic - INFO - Adding 1 new entries to reversed log
2025-05-01 01:20:45,142 - main_log_logic - INFO - Adding 1 new entries to reversed log
2025-05-01 01:20:46,146 - main_log_logic - INFO - Adding 1 new entries to reversed log
2025-05-01 01:20:47,150 - main_log_logic - INFO - Adding 1 new entries to reversed log
2025-05-01 01:20:48,155 - main_log_logic - INFO - Adding 1 new entries to reversed log
2025-05-01 01:20:49,159 - main_log_logic - INFO - Adding 1 new entries to reversed log
2025-05-01 01:20:50,163 - main_log_logic - INFO - Adding 1 new entries to reversed log
2025-05-01 01:20:51,167 - main_log_logic - INFO - Adding 1 new entries to reversed log
2025-05-01 01:20:52,171 - main_log_logic - INFO - Adding 1 new entries to reversed log
2025-05-01 01:20:53,175 - main_log_logic - INFO - Adding 1 new entries to reversed log
2025-05-01 01:20:54,179 - main_log_logic - INFO - Adding 1 new entries to reversed log
2025-05-01 01:20:56,183 - main_log_logic - INFO - Adding 1 new entries to reversed log
2025-05-01 01:20:57,187 - main_log_logic - INFO - Adding 1 new entries to reversed log
2025-05-01 01:20:58,192 - main_log_logic - INFO - Adding 1 new entries to reversed log
2025-05-01 01:21:28,211 - main_log_logic - INFO - Adding 1 new entries to reversed log
2025-05-01 01:21:29,215 - main_log_logic - INFO - Adding 1 new entries to reversed log
2025-05-01 01:21:30,219 - main_log_logic - INFO - Adding 1 new entries to reversed log
2025-05-01 01:21:31,223 - main_log_logic - INFO - Adding 1 new entries to reversed log
2025-05-01 01:21:32,227 - main_log_logic - INFO - Adding 1 new entries to reversed log
2025-05-01 01:21:33,231 - main_log_logic - INFO - Adding 1 new entries to reversed log
2025-05-01 01:21:34,234 - main_log_logic - INFO - Adding 1 new entries to reversed log
2025-05-01 01:21:35,240 - main_log_logic - INFO - Adding 1 new entries to reversed log
2025-05-01 01:21:36,244 - main_log_logic - INFO - Adding 1 new entries to reversed log
2025-05-01 01:21:37,248 - main_log_logic - INFO - Adding 1 new entries to reversed log
2025-05-01 01:21:38,252 - main_log_logic - INFO - Adding 1 new entries to reversed log
2025-05-01 01:21:40,256 - main_log_logic - INFO - Adding 1 new entries to reversed log
2025-05-01 01:22:10,279 - main_log_logic - INFO - Adding 1 new entries to reversed log
2025-05-01 01:22:11,284 - main_log_logic - INFO - Adding 1 new entries to reversed log
2025-05-01 01:22:12,288 - main_log_logic - INFO - Adding 1 new entries to reversed log
2025-05-01 01:22:13,292 - main_log_logic - INFO - Adding 1 new entries to reversed log
2025-05-01 01:22:14,297 - main_log_logic - INFO - Adding 1 new entries to reversed log
2025-05-01 01:22:15,302 - main_log_logic - INFO - Adding 1 new entries to reversed log
2025-05-01 01:22:16,306 - main_log_logic - INFO - Adding 1 new entries to reversed log
2025-05-01 01:22:17,310 - main_log_logic - INFO - Adding 1 new entries to reversed log
2025-05-01 01:22:18,315 - main_log_logic - INFO - Adding 1 new entries to reversed log
