2025-05-01 00:14:58,992 - main_log_logic - INFO - Starting Main Log Logic System
2025-05-01 00:14:58,993 - main_log_logic - INFO - PID 322984 saved to /root/CascadeProjects/sports bot/football/logs/Main_Log/main_log_pid.txt
2025-05-01 00:14:59,014 - main_log_logic - INFO - Starting from position 0 in /root/CascadeProjects/sports bot/football/logs/Main_Log.log
2025-05-01 00:14:59,058 - main_log_logic - INFO - Adding 84 new entries to reversed log
2025-05-01 00:15:00,082 - main_log_logic - INFO - Adding 1 new entries to reversed log
2025-05-01 00:15:03,148 - main_log_logic - INFO - Adding 1 new entries to reversed log
2025-05-01 00:15:09,236 - main_log_logic - INFO - Adding 1 new entries to reversed log
2025-05-01 00:15:11,311 - main_log_logic - INFO - Adding 1 new entries to reversed log
2025-05-01 00:15:12,418 - main_log_logic - INFO - Adding 1 new entries to reversed log
2025-05-01 00:15:13,487 - main_log_logic - INFO - Adding 1 new entries to reversed log
2025-05-01 00:15:15,564 - main_log_logic - INFO - Adding 1 new entries to reversed log
2025-05-01 00:15:16,657 - main_log_logic - INFO - Adding 1 new entries to reversed log
2025-05-01 00:15:18,725 - main_log_logic - INFO - Adding 1 new entries to reversed log
2025-05-01 00:15:19,797 - main_log_logic - INFO - Adding 1 new entries to reversed log
2025-05-01 00:15:20,863 - main_log_logic - INFO - Adding 1 new entries to reversed log
2025-05-01 00:15:21,929 - main_log_logic - INFO - Adding 1 new entries to reversed log
2025-05-01 00:15:24,000 - main_log_logic - INFO - Adding 1 new entries to reversed log
2025-05-01 00:15:25,065 - main_log_logic - INFO - Adding 1 new entries to reversed log
2025-05-01 00:15:28,131 - main_log_logic - INFO - Adding 1 new entries to reversed log
2025-05-01 00:15:30,191 - main_log_logic - INFO - Adding 1 new entries to reversed log
2025-05-01 00:15:31,255 - main_log_logic - INFO - Adding 1 new entries to reversed log
2025-05-01 00:15:32,314 - main_log_logic - INFO - Adding 1 new entries to reversed log
2025-05-01 00:15:34,374 - main_log_logic - INFO - Adding 1 new entries to reversed log
2025-05-01 00:15:35,432 - main_log_logic - INFO - Adding 1 new entries to reversed log
2025-05-01 00:15:37,488 - main_log_logic - INFO - Adding 1 new entries to reversed log
2025-05-01 00:15:38,543 - main_log_logic - INFO - Adding 1 new entries to reversed log
2025-05-01 00:15:39,601 - main_log_logic - INFO - Adding 1 new entries to reversed log
2025-05-01 00:15:41,659 - main_log_logic - INFO - Adding 1 new entries to reversed log
2025-05-01 00:34:21,380 - main_log_logic - ERROR - Error processing log: [Errno 2] No such file or directory: '/root/CascadeProjects/sports bot/football/logs/Main_Log/main_log_position.json'
2025-05-01 00:34:22,381 - main_log_logic - ERROR - Error processing log: [Errno 2] No such file or directory: '/root/CascadeProjects/sports bot/football/logs/Main_Log/main_log_position.json'
2025-05-01 00:34:23,381 - main_log_logic - ERROR - Error processing log: [Errno 2] No such file or directory: '/root/CascadeProjects/sports bot/football/logs/Main_Log/main_log_position.json'
2025-05-01 00:34:24,382 - main_log_logic - ERROR - Error processing log: [Errno 2] No such file or directory: '/root/CascadeProjects/sports bot/football/logs/Main_Log/main_log_position.json'
2025-05-01 00:34:25,382 - main_log_logic - ERROR - Error processing log: [Errno 2] No such file or directory: '/root/CascadeProjects/sports bot/football/logs/Main_Log/main_log_position.json'
2025-05-01 00:34:26,383 - main_log_logic - ERROR - Error processing log: [Errno 2] No such file or directory: '/root/CascadeProjects/sports bot/football/logs/Main_Log/main_log_position.json'
2025-05-01 00:34:27,383 - main_log_logic - ERROR - Error processing log: [Errno 2] No such file or directory: '/root/CascadeProjects/sports bot/football/logs/Main_Log/main_log_position.json'
2025-05-01 00:34:28,384 - main_log_logic - ERROR - Error processing log: [Errno 2] No such file or directory: '/root/CascadeProjects/sports bot/football/logs/Main_Log/main_log_position.json'
2025-05-01 00:34:29,384 - main_log_logic - ERROR - Error processing log: [Errno 2] No such file or directory: '/root/CascadeProjects/sports bot/football/logs/Main_Log/main_log_position.json'
2025-05-01 00:34:30,384 - main_log_logic - ERROR - Error processing log: [Errno 2] No such file or directory: '/root/CascadeProjects/sports bot/football/logs/Main_Log/main_log_position.json'
2025-05-01 00:34:31,385 - main_log_logic - ERROR - Error processing log: [Errno 2] No such file or directory: '/root/CascadeProjects/sports bot/football/logs/Main_Log/main_log_position.json'
2025-05-01 00:34:32,385 - main_log_logic - ERROR - Error processing log: [Errno 2] No such file or directory: '/root/CascadeProjects/sports bot/football/logs/Main_Log/main_log_position.json'
2025-05-01 00:34:33,386 - main_log_logic - ERROR - Error processing log: [Errno 2] No such file or directory: '/root/CascadeProjects/sports bot/football/logs/Main_Log/main_log_position.json'
2025-05-01 00:34:34,386 - main_log_logic - ERROR - Error processing log: [Errno 2] No such file or directory: '/root/CascadeProjects/sports bot/football/logs/Main_Log/main_log_position.json'
2025-05-01 00:34:35,387 - main_log_logic - ERROR - Error processing log: [Errno 2] No such file or directory: '/root/CascadeProjects/sports bot/football/logs/Main_Log/main_log_position.json'
2025-05-01 00:34:36,387 - main_log_logic - ERROR - Error processing log: [Errno 2] No such file or directory: '/root/CascadeProjects/sports bot/football/logs/Main_Log/main_log_position.json'
2025-05-01 00:34:37,387 - main_log_logic - ERROR - Error processing log: [Errno 2] No such file or directory: '/root/CascadeProjects/sports bot/football/logs/Main_Log/main_log_position.json'
2025-05-01 00:34:38,388 - main_log_logic - ERROR - Error processing log: [Errno 2] No such file or directory: '/root/CascadeProjects/sports bot/football/logs/Main_Log/main_log_position.json'
2025-05-01 00:34:39,388 - main_log_logic - ERROR - Error processing log: [Errno 2] No such file or directory: '/root/CascadeProjects/sports bot/football/logs/Main_Log/main_log_position.json'
2025-05-01 00:34:40,389 - main_log_logic - ERROR - Error processing log: [Errno 2] No such file or directory: '/root/CascadeProjects/sports bot/football/logs/Main_Log/main_log_position.json'
2025-05-01 00:34:41,389 - main_log_logic - ERROR - Error processing log: [Errno 2] No such file or directory: '/root/CascadeProjects/sports bot/football/logs/Main_Log/main_log_position.json'
2025-05-01 00:34:42,390 - main_log_logic - ERROR - Error processing log: [Errno 2] No such file or directory: '/root/CascadeProjects/sports bot/football/logs/Main_Log/main_log_position.json'
2025-05-01 00:34:43,390 - main_log_logic - ERROR - Error processing log: [Errno 2] No such file or directory: '/root/CascadeProjects/sports bot/football/logs/Main_Log/main_log_position.json'
2025-05-01 00:34:44,390 - main_log_logic - ERROR - Error processing log: [Errno 2] No such file or directory: '/root/CascadeProjects/sports bot/football/logs/Main_Log/main_log_position.json'
2025-05-01 00:34:45,391 - main_log_logic - ERROR - Error processing log: [Errno 2] No such file or directory: '/root/CascadeProjects/sports bot/football/logs/Main_Log/main_log_position.json'
2025-05-01 00:34:46,391 - main_log_logic - ERROR - Error processing log: [Errno 2] No such file or directory: '/root/CascadeProjects/sports bot/football/logs/Main_Log/main_log_position.json'
2025-05-01 00:34:47,392 - main_log_logic - ERROR - Error processing log: [Errno 2] No such file or directory: '/root/CascadeProjects/sports bot/football/logs/Main_Log/main_log_position.json'
2025-05-01 00:34:48,392 - main_log_logic - ERROR - Error processing log: [Errno 2] No such file or directory: '/root/CascadeProjects/sports bot/football/logs/Main_Log/main_log_position.json'
2025-05-01 00:34:49,393 - main_log_logic - ERROR - Error processing log: [Errno 2] No such file or directory: '/root/CascadeProjects/sports bot/football/logs/Main_Log/main_log_position.json'
2025-05-01 00:34:50,393 - main_log_logic - ERROR - Error processing log: [Errno 2] No such file or directory: '/root/CascadeProjects/sports bot/football/logs/Main_Log/main_log_position.json'
2025-05-01 00:34:51,394 - main_log_logic - ERROR - Error processing log: [Errno 2] No such file or directory: '/root/CascadeProjects/sports bot/football/logs/Main_Log/main_log_position.json'
2025-05-01 00:34:52,394 - main_log_logic - ERROR - Error processing log: [Errno 2] No such file or directory: '/root/CascadeProjects/sports bot/football/logs/Main_Log/main_log_position.json'
2025-05-01 00:34:53,394 - main_log_logic - ERROR - Error processing log: [Errno 2] No such file or directory: '/root/CascadeProjects/sports bot/football/logs/Main_Log/main_log_position.json'
2025-05-01 00:34:54,395 - main_log_logic - ERROR - Error processing log: [Errno 2] No such file or directory: '/root/CascadeProjects/sports bot/football/logs/Main_Log/main_log_position.json'
2025-05-01 00:34:55,395 - main_log_logic - ERROR - Error processing log: [Errno 2] No such file or directory: '/root/CascadeProjects/sports bot/football/logs/Main_Log/main_log_position.json'
2025-05-01 00:34:56,396 - main_log_logic - ERROR - Error processing log: [Errno 2] No such file or directory: '/root/CascadeProjects/sports bot/football/logs/Main_Log/main_log_position.json'
2025-05-01 00:34:57,396 - main_log_logic - ERROR - Error processing log: [Errno 2] No such file or directory: '/root/CascadeProjects/sports bot/football/logs/Main_Log/main_log_position.json'
2025-05-01 00:34:58,397 - main_log_logic - ERROR - Error processing log: [Errno 2] No such file or directory: '/root/CascadeProjects/sports bot/football/logs/Main_Log/main_log_position.json'
2025-05-01 00:34:59,397 - main_log_logic - ERROR - Error processing log: [Errno 2] No such file or directory: '/root/CascadeProjects/sports bot/football/logs/Main_Log/main_log_position.json'
2025-05-01 00:35:00,398 - main_log_logic - ERROR - Error processing log: [Errno 2] No such file or directory: '/root/CascadeProjects/sports bot/football/logs/Main_Log/main_log_position.json'
2025-05-01 00:35:01,398 - main_log_logic - ERROR - Error processing log: [Errno 2] No such file or directory: '/root/CascadeProjects/sports bot/football/logs/Main_Log/main_log_position.json'
2025-05-01 00:35:02,399 - main_log_logic - ERROR - Error processing log: [Errno 2] No such file or directory: '/root/CascadeProjects/sports bot/football/logs/Main_Log/main_log_position.json'
2025-05-01 00:35:03,399 - main_log_logic - ERROR - Error processing log: [Errno 2] No such file or directory: '/root/CascadeProjects/sports bot/football/logs/Main_Log/main_log_position.json'
2025-05-01 00:35:04,400 - main_log_logic - ERROR - Error processing log: [Errno 2] No such file or directory: '/root/CascadeProjects/sports bot/football/logs/Main_Log/main_log_position.json'
2025-05-01 00:35:05,400 - main_log_logic - ERROR - Error processing log: [Errno 2] No such file or directory: '/root/CascadeProjects/sports bot/football/logs/Main_Log/main_log_position.json'
2025-05-01 00:35:06,400 - main_log_logic - ERROR - Error processing log: [Errno 2] No such file or directory: '/root/CascadeProjects/sports bot/football/logs/Main_Log/main_log_position.json'
2025-05-01 00:35:07,401 - main_log_logic - ERROR - Error processing log: [Errno 2] No such file or directory: '/root/CascadeProjects/sports bot/football/logs/Main_Log/main_log_position.json'
2025-05-01 00:35:08,401 - main_log_logic - ERROR - Error processing log: [Errno 2] No such file or directory: '/root/CascadeProjects/sports bot/football/logs/Main_Log/main_log_position.json'
2025-05-01 00:35:09,402 - main_log_logic - ERROR - Error processing log: [Errno 2] No such file or directory: '/root/CascadeProjects/sports bot/football/logs/Main_Log/main_log_position.json'
2025-05-01 00:35:10,402 - main_log_logic - ERROR - Error processing log: [Errno 2] No such file or directory: '/root/CascadeProjects/sports bot/football/logs/Main_Log/main_log_position.json'
2025-05-01 00:35:11,403 - main_log_logic - ERROR - Error processing log: [Errno 2] No such file or directory: '/root/CascadeProjects/sports bot/football/logs/Main_Log/main_log_position.json'
2025-05-01 00:35:12,403 - main_log_logic - ERROR - Error processing log: [Errno 2] No such file or directory: '/root/CascadeProjects/sports bot/football/logs/Main_Log/main_log_position.json'
2025-05-01 00:35:13,403 - main_log_logic - ERROR - Error processing log: [Errno 2] No such file or directory: '/root/CascadeProjects/sports bot/football/logs/Main_Log/main_log_position.json'
2025-05-01 00:35:14,404 - main_log_logic - ERROR - Error processing log: [Errno 2] No such file or directory: '/root/CascadeProjects/sports bot/football/logs/Main_Log/main_log_position.json'
2025-05-01 00:35:15,404 - main_log_logic - ERROR - Error processing log: [Errno 2] No such file or directory: '/root/CascadeProjects/sports bot/football/logs/Main_Log/main_log_position.json'
2025-05-01 00:35:16,405 - main_log_logic - ERROR - Error processing log: [Errno 2] No such file or directory: '/root/CascadeProjects/sports bot/football/logs/Main_Log/main_log_position.json'
2025-05-01 00:35:17,405 - main_log_logic - ERROR - Error processing log: [Errno 2] No such file or directory: '/root/CascadeProjects/sports bot/football/logs/Main_Log/main_log_position.json'
2025-05-01 00:35:18,406 - main_log_logic - ERROR - Error processing log: [Errno 2] No such file or directory: '/root/CascadeProjects/sports bot/football/logs/Main_Log/main_log_position.json'
2025-05-01 00:35:19,406 - main_log_logic - ERROR - Error processing log: [Errno 2] No such file or directory: '/root/CascadeProjects/sports bot/football/logs/Main_Log/main_log_position.json'
2025-05-01 00:35:20,406 - main_log_logic - ERROR - Error processing log: [Errno 2] No such file or directory: '/root/CascadeProjects/sports bot/football/logs/Main_Log/main_log_position.json'
2025-05-01 00:35:21,407 - main_log_logic - ERROR - Error processing log: [Errno 2] No such file or directory: '/root/CascadeProjects/sports bot/football/logs/Main_Log/main_log_position.json'
2025-05-01 00:35:22,407 - main_log_logic - ERROR - Error processing log: [Errno 2] No such file or directory: '/root/CascadeProjects/sports bot/football/logs/Main_Log/main_log_position.json'
2025-05-01 00:35:23,408 - main_log_logic - ERROR - Error processing log: [Errno 2] No such file or directory: '/root/CascadeProjects/sports bot/football/logs/Main_Log/main_log_position.json'
2025-05-01 00:35:24,408 - main_log_logic - ERROR - Error processing log: [Errno 2] No such file or directory: '/root/CascadeProjects/sports bot/football/logs/Main_Log/main_log_position.json'
2025-05-01 00:35:25,408 - main_log_logic - ERROR - Error processing log: [Errno 2] No such file or directory: '/root/CascadeProjects/sports bot/football/logs/Main_Log/main_log_position.json'
2025-05-01 00:35:26,409 - main_log_logic - ERROR - Error processing log: [Errno 2] No such file or directory: '/root/CascadeProjects/sports bot/football/logs/Main_Log/main_log_position.json'
2025-05-01 00:35:27,409 - main_log_logic - ERROR - Error processing log: [Errno 2] No such file or directory: '/root/CascadeProjects/sports bot/football/logs/Main_Log/main_log_position.json'
2025-05-01 00:35:28,410 - main_log_logic - ERROR - Error processing log: [Errno 2] No such file or directory: '/root/CascadeProjects/sports bot/football/logs/Main_Log/main_log_position.json'
2025-05-01 00:35:29,410 - main_log_logic - ERROR - Error processing log: [Errno 2] No such file or directory: '/root/CascadeProjects/sports bot/football/logs/Main_Log/main_log_position.json'
2025-05-01 00:35:30,411 - main_log_logic - ERROR - Error processing log: [Errno 2] No such file or directory: '/root/CascadeProjects/sports bot/football/logs/Main_Log/main_log_position.json'
2025-05-01 00:35:31,411 - main_log_logic - ERROR - Error processing log: [Errno 2] No such file or directory: '/root/CascadeProjects/sports bot/football/logs/Main_Log/main_log_position.json'
2025-05-01 00:35:32,412 - main_log_logic - ERROR - Error processing log: [Errno 2] No such file or directory: '/root/CascadeProjects/sports bot/football/logs/Main_Log/main_log_position.json'
2025-05-01 00:35:33,412 - main_log_logic - ERROR - Error processing log: [Errno 2] No such file or directory: '/root/CascadeProjects/sports bot/football/logs/Main_Log/main_log_position.json'
2025-05-01 00:35:34,413 - main_log_logic - ERROR - Error processing log: [Errno 2] No such file or directory: '/root/CascadeProjects/sports bot/football/logs/Main_Log/main_log_position.json'
2025-05-01 00:35:35,413 - main_log_logic - ERROR - Error processing log: [Errno 2] No such file or directory: '/root/CascadeProjects/sports bot/football/logs/Main_Log/main_log_position.json'
2025-05-01 00:35:36,414 - main_log_logic - ERROR - Error processing log: [Errno 2] No such file or directory: '/root/CascadeProjects/sports bot/football/logs/Main_Log/main_log_position.json'
2025-05-01 00:35:37,414 - main_log_logic - ERROR - Error processing log: [Errno 2] No such file or directory: '/root/CascadeProjects/sports bot/football/logs/Main_Log/main_log_position.json'
2025-05-01 00:35:38,414 - main_log_logic - ERROR - Error processing log: [Errno 2] No such file or directory: '/root/CascadeProjects/sports bot/football/logs/Main_Log/main_log_position.json'
2025-05-01 00:35:39,415 - main_log_logic - ERROR - Error processing log: [Errno 2] No such file or directory: '/root/CascadeProjects/sports bot/football/logs/Main_Log/main_log_position.json'
2025-05-01 00:35:40,415 - main_log_logic - ERROR - Error processing log: [Errno 2] No such file or directory: '/root/CascadeProjects/sports bot/football/logs/Main_Log/main_log_position.json'
2025-05-01 00:35:41,416 - main_log_logic - ERROR - Error processing log: [Errno 2] No such file or directory: '/root/CascadeProjects/sports bot/football/logs/Main_Log/main_log_position.json'
2025-05-01 00:35:42,416 - main_log_logic - ERROR - Error processing log: [Errno 2] No such file or directory: '/root/CascadeProjects/sports bot/football/logs/Main_Log/main_log_position.json'
2025-05-01 00:35:43,417 - main_log_logic - ERROR - Error processing log: [Errno 2] No such file or directory: '/root/CascadeProjects/sports bot/football/logs/Main_Log/main_log_position.json'
2025-05-01 00:35:44,417 - main_log_logic - ERROR - Error processing log: [Errno 2] No such file or directory: '/root/CascadeProjects/sports bot/football/logs/Main_Log/main_log_position.json'
2025-05-01 00:35:45,418 - main_log_logic - ERROR - Error processing log: [Errno 2] No such file or directory: '/root/CascadeProjects/sports bot/football/logs/Main_Log/main_log_position.json'
2025-05-01 00:35:46,418 - main_log_logic - ERROR - Error processing log: [Errno 2] No such file or directory: '/root/CascadeProjects/sports bot/football/logs/Main_Log/main_log_position.json'
2025-05-01 00:35:47,419 - main_log_logic - ERROR - Error processing log: [Errno 2] No such file or directory: '/root/CascadeProjects/sports bot/football/logs/Main_Log/main_log_position.json'
2025-05-01 00:35:48,419 - main_log_logic - ERROR - Error processing log: [Errno 2] No such file or directory: '/root/CascadeProjects/sports bot/football/logs/Main_Log/main_log_position.json'
2025-05-01 00:35:49,420 - main_log_logic - ERROR - Error processing log: [Errno 2] No such file or directory: '/root/CascadeProjects/sports bot/football/logs/Main_Log/main_log_position.json'
2025-05-01 00:35:50,420 - main_log_logic - ERROR - Error processing log: [Errno 2] No such file or directory: '/root/CascadeProjects/sports bot/football/logs/Main_Log/main_log_position.json'
2025-05-01 00:35:51,421 - main_log_logic - ERROR - Error processing log: [Errno 2] No such file or directory: '/root/CascadeProjects/sports bot/football/logs/Main_Log/main_log_position.json'
2025-05-01 00:35:52,421 - main_log_logic - ERROR - Error processing log: [Errno 2] No such file or directory: '/root/CascadeProjects/sports bot/football/logs/Main_Log/main_log_position.json'
2025-05-01 00:35:53,422 - main_log_logic - ERROR - Error processing log: [Errno 2] No such file or directory: '/root/CascadeProjects/sports bot/football/logs/Main_Log/main_log_position.json'
2025-05-01 00:35:54,423 - main_log_logic - ERROR - Error processing log: [Errno 2] No such file or directory: '/root/CascadeProjects/sports bot/football/logs/Main_Log/main_log_position.json'
2025-05-01 00:35:55,423 - main_log_logic - ERROR - Error processing log: [Errno 2] No such file or directory: '/root/CascadeProjects/sports bot/football/logs/Main_Log/main_log_position.json'
2025-05-01 00:35:56,424 - main_log_logic - ERROR - Error processing log: [Errno 2] No such file or directory: '/root/CascadeProjects/sports bot/football/logs/Main_Log/main_log_position.json'
2025-05-01 00:35:57,425 - main_log_logic - ERROR - Error processing log: [Errno 2] No such file or directory: '/root/CascadeProjects/sports bot/football/logs/Main_Log/main_log_position.json'
2025-05-01 00:35:58,426 - main_log_logic - ERROR - Error processing log: [Errno 2] No such file or directory: '/root/CascadeProjects/sports bot/football/logs/Main_Log/main_log_position.json'
2025-05-01 00:35:59,426 - main_log_logic - ERROR - Error processing log: [Errno 2] No such file or directory: '/root/CascadeProjects/sports bot/football/logs/Main_Log/main_log_position.json'
2025-05-01 00:36:00,427 - main_log_logic - ERROR - Error processing log: [Errno 2] No such file or directory: '/root/CascadeProjects/sports bot/football/logs/Main_Log/main_log_position.json'
2025-05-01 00:36:01,427 - main_log_logic - ERROR - Error processing log: [Errno 2] No such file or directory: '/root/CascadeProjects/sports bot/football/logs/Main_Log/main_log_position.json'
2025-05-01 00:36:02,428 - main_log_logic - ERROR - Error processing log: [Errno 2] No such file or directory: '/root/CascadeProjects/sports bot/football/logs/Main_Log/main_log_position.json'
2025-05-01 00:36:03,428 - main_log_logic - ERROR - Error processing log: [Errno 2] No such file or directory: '/root/CascadeProjects/sports bot/football/logs/Main_Log/main_log_position.json'
2025-05-01 00:36:04,429 - main_log_logic - ERROR - Error processing log: [Errno 2] No such file or directory: '/root/CascadeProjects/sports bot/football/logs/Main_Log/main_log_position.json'
2025-05-01 00:36:05,429 - main_log_logic - ERROR - Error processing log: [Errno 2] No such file or directory: '/root/CascadeProjects/sports bot/football/logs/Main_Log/main_log_position.json'
2025-05-01 00:36:06,429 - main_log_logic - ERROR - Error processing log: [Errno 2] No such file or directory: '/root/CascadeProjects/sports bot/football/logs/Main_Log/main_log_position.json'
2025-05-01 00:36:07,430 - main_log_logic - ERROR - Error processing log: [Errno 2] No such file or directory: '/root/CascadeProjects/sports bot/football/logs/Main_Log/main_log_position.json'
2025-05-01 00:36:08,430 - main_log_logic - ERROR - Error processing log: [Errno 2] No such file or directory: '/root/CascadeProjects/sports bot/football/logs/Main_Log/main_log_position.json'
2025-05-01 00:36:09,431 - main_log_logic - ERROR - Error processing log: [Errno 2] No such file or directory: '/root/CascadeProjects/sports bot/football/logs/Main_Log/main_log_position.json'
2025-05-01 00:36:10,431 - main_log_logic - ERROR - Error processing log: [Errno 2] No such file or directory: '/root/CascadeProjects/sports bot/football/logs/Main_Log/main_log_position.json'
2025-05-01 00:36:11,432 - main_log_logic - ERROR - Error processing log: [Errno 2] No such file or directory: '/root/CascadeProjects/sports bot/football/logs/Main_Log/main_log_position.json'
2025-05-01 00:36:12,432 - main_log_logic - ERROR - Error processing log: [Errno 2] No such file or directory: '/root/CascadeProjects/sports bot/football/logs/Main_Log/main_log_position.json'
2025-05-01 00:36:13,433 - main_log_logic - ERROR - Error processing log: [Errno 2] No such file or directory: '/root/CascadeProjects/sports bot/football/logs/Main_Log/main_log_position.json'
2025-05-01 00:36:14,433 - main_log_logic - ERROR - Error processing log: [Errno 2] No such file or directory: '/root/CascadeProjects/sports bot/football/logs/Main_Log/main_log_position.json'
2025-05-01 00:36:15,434 - main_log_logic - ERROR - Error processing log: [Errno 2] No such file or directory: '/root/CascadeProjects/sports bot/football/logs/Main_Log/main_log_position.json'
2025-05-01 00:36:16,434 - main_log_logic - ERROR - Error processing log: [Errno 2] No such file or directory: '/root/CascadeProjects/sports bot/football/logs/Main_Log/main_log_position.json'
2025-05-01 00:36:17,434 - main_log_logic - ERROR - Error processing log: [Errno 2] No such file or directory: '/root/CascadeProjects/sports bot/football/logs/Main_Log/main_log_position.json'
2025-05-01 00:36:18,435 - main_log_logic - ERROR - Error processing log: [Errno 2] No such file or directory: '/root/CascadeProjects/sports bot/football/logs/Main_Log/main_log_position.json'
2025-05-01 00:36:19,435 - main_log_logic - ERROR - Error processing log: [Errno 2] No such file or directory: '/root/CascadeProjects/sports bot/football/logs/Main_Log/main_log_position.json'
2025-05-01 00:36:20,436 - main_log_logic - ERROR - Error processing log: [Errno 2] No such file or directory: '/root/CascadeProjects/sports bot/football/logs/Main_Log/main_log_position.json'
2025-05-01 00:36:21,436 - main_log_logic - ERROR - Error processing log: [Errno 2] No such file or directory: '/root/CascadeProjects/sports bot/football/logs/Main_Log/main_log_position.json'
2025-05-01 00:36:22,437 - main_log_logic - ERROR - Error processing log: [Errno 2] No such file or directory: '/root/CascadeProjects/sports bot/football/logs/Main_Log/main_log_position.json'
2025-05-01 00:36:23,438 - main_log_logic - ERROR - Error processing log: [Errno 2] No such file or directory: '/root/CascadeProjects/sports bot/football/logs/Main_Log/main_log_position.json'
2025-05-01 00:36:24,438 - main_log_logic - ERROR - Error processing log: [Errno 2] No such file or directory: '/root/CascadeProjects/sports bot/football/logs/Main_Log/main_log_position.json'
2025-05-01 00:36:25,439 - main_log_logic - ERROR - Error processing log: [Errno 2] No such file or directory: '/root/CascadeProjects/sports bot/football/logs/Main_Log/main_log_position.json'
2025-05-01 00:36:26,439 - main_log_logic - ERROR - Error processing log: [Errno 2] No such file or directory: '/root/CascadeProjects/sports bot/football/logs/Main_Log/main_log_position.json'
2025-05-01 00:36:27,439 - main_log_logic - ERROR - Error processing log: [Errno 2] No such file or directory: '/root/CascadeProjects/sports bot/football/logs/Main_Log/main_log_position.json'
2025-05-01 00:36:28,440 - main_log_logic - ERROR - Error processing log: [Errno 2] No such file or directory: '/root/CascadeProjects/sports bot/football/logs/Main_Log/main_log_position.json'
2025-05-01 00:36:29,440 - main_log_logic - ERROR - Error processing log: [Errno 2] No such file or directory: '/root/CascadeProjects/sports bot/football/logs/Main_Log/main_log_position.json'
2025-05-01 00:36:30,441 - main_log_logic - ERROR - Error processing log: [Errno 2] No such file or directory: '/root/CascadeProjects/sports bot/football/logs/Main_Log/main_log_position.json'
2025-05-01 00:36:31,441 - main_log_logic - ERROR - Error processing log: [Errno 2] No such file or directory: '/root/CascadeProjects/sports bot/football/logs/Main_Log/main_log_position.json'
2025-05-01 00:36:32,442 - main_log_logic - ERROR - Error processing log: [Errno 2] No such file or directory: '/root/CascadeProjects/sports bot/football/logs/Main_Log/main_log_position.json'
2025-05-01 00:36:33,442 - main_log_logic - ERROR - Error processing log: [Errno 2] No such file or directory: '/root/CascadeProjects/sports bot/football/logs/Main_Log/main_log_position.json'
2025-05-01 00:36:34,443 - main_log_logic - ERROR - Error processing log: [Errno 2] No such file or directory: '/root/CascadeProjects/sports bot/football/logs/Main_Log/main_log_position.json'
2025-05-01 00:36:35,443 - main_log_logic - ERROR - Error processing log: [Errno 2] No such file or directory: '/root/CascadeProjects/sports bot/football/logs/Main_Log/main_log_position.json'
2025-05-01 00:36:36,444 - main_log_logic - ERROR - Error processing log: [Errno 2] No such file or directory: '/root/CascadeProjects/sports bot/football/logs/Main_Log/main_log_position.json'
2025-05-01 00:36:37,444 - main_log_logic - ERROR - Error processing log: [Errno 2] No such file or directory: '/root/CascadeProjects/sports bot/football/logs/Main_Log/main_log_position.json'
2025-05-01 00:36:38,444 - main_log_logic - ERROR - Error processing log: [Errno 2] No such file or directory: '/root/CascadeProjects/sports bot/football/logs/Main_Log/main_log_position.json'
2025-05-01 00:36:39,445 - main_log_logic - ERROR - Error processing log: [Errno 2] No such file or directory: '/root/CascadeProjects/sports bot/football/logs/Main_Log/main_log_position.json'
2025-05-01 00:36:40,445 - main_log_logic - ERROR - Error processing log: [Errno 2] No such file or directory: '/root/CascadeProjects/sports bot/football/logs/Main_Log/main_log_position.json'
2025-05-01 00:36:41,446 - main_log_logic - ERROR - Error processing log: [Errno 2] No such file or directory: '/root/CascadeProjects/sports bot/football/logs/Main_Log/main_log_position.json'
2025-05-01 00:36:42,446 - main_log_logic - ERROR - Error processing log: [Errno 2] No such file or directory: '/root/CascadeProjects/sports bot/football/logs/Main_Log/main_log_position.json'
2025-05-01 00:36:43,447 - main_log_logic - ERROR - Error processing log: [Errno 2] No such file or directory: '/root/CascadeProjects/sports bot/football/logs/Main_Log/main_log_position.json'
2025-05-01 00:36:44,447 - main_log_logic - ERROR - Error processing log: [Errno 2] No such file or directory: '/root/CascadeProjects/sports bot/football/logs/Main_Log/main_log_position.json'
2025-05-01 00:36:45,447 - main_log_logic - ERROR - Error processing log: [Errno 2] No such file or directory: '/root/CascadeProjects/sports bot/football/logs/Main_Log/main_log_position.json'
2025-05-01 00:36:46,448 - main_log_logic - ERROR - Error processing log: [Errno 2] No such file or directory: '/root/CascadeProjects/sports bot/football/logs/Main_Log/main_log_position.json'
2025-05-01 00:36:47,448 - main_log_logic - ERROR - Error processing log: [Errno 2] No such file or directory: '/root/CascadeProjects/sports bot/football/logs/Main_Log/main_log_position.json'
2025-05-01 00:36:48,449 - main_log_logic - ERROR - Error processing log: [Errno 2] No such file or directory: '/root/CascadeProjects/sports bot/football/logs/Main_Log/main_log_position.json'
2025-05-01 00:36:49,449 - main_log_logic - ERROR - Error processing log: [Errno 2] No such file or directory: '/root/CascadeProjects/sports bot/football/logs/Main_Log/main_log_position.json'
2025-05-01 00:36:50,450 - main_log_logic - ERROR - Error processing log: [Errno 2] No such file or directory: '/root/CascadeProjects/sports bot/football/logs/Main_Log/main_log_position.json'
2025-05-01 00:36:51,450 - main_log_logic - ERROR - Error processing log: [Errno 2] No such file or directory: '/root/CascadeProjects/sports bot/football/logs/Main_Log/main_log_position.json'
2025-05-01 00:36:52,451 - main_log_logic - ERROR - Error processing log: [Errno 2] No such file or directory: '/root/CascadeProjects/sports bot/football/logs/Main_Log/main_log_position.json'
2025-05-01 00:36:53,451 - main_log_logic - ERROR - Error processing log: [Errno 2] No such file or directory: '/root/CascadeProjects/sports bot/football/logs/Main_Log/main_log_position.json'
2025-05-01 00:36:54,451 - main_log_logic - ERROR - Error processing log: [Errno 2] No such file or directory: '/root/CascadeProjects/sports bot/football/logs/Main_Log/main_log_position.json'
2025-05-01 00:36:55,452 - main_log_logic - ERROR - Error processing log: [Errno 2] No such file or directory: '/root/CascadeProjects/sports bot/football/logs/Main_Log/main_log_position.json'
2025-05-01 00:36:56,452 - main_log_logic - ERROR - Error processing log: [Errno 2] No such file or directory: '/root/CascadeProjects/sports bot/football/logs/Main_Log/main_log_position.json'
2025-05-01 00:36:57,453 - main_log_logic - ERROR - Error processing log: [Errno 2] No such file or directory: '/root/CascadeProjects/sports bot/football/logs/Main_Log/main_log_position.json'
2025-05-01 00:36:58,453 - main_log_logic - ERROR - Error processing log: [Errno 2] No such file or directory: '/root/CascadeProjects/sports bot/football/logs/Main_Log/main_log_position.json'
2025-05-01 00:36:59,454 - main_log_logic - ERROR - Error processing log: [Errno 2] No such file or directory: '/root/CascadeProjects/sports bot/football/logs/Main_Log/main_log_position.json'
2025-05-01 00:37:00,455 - main_log_logic - ERROR - Error processing log: [Errno 2] No such file or directory: '/root/CascadeProjects/sports bot/football/logs/Main_Log/main_log_position.json'
2025-05-01 00:37:01,456 - main_log_logic - ERROR - Error processing log: [Errno 2] No such file or directory: '/root/CascadeProjects/sports bot/football/logs/Main_Log/main_log_position.json'
2025-05-01 00:37:02,456 - main_log_logic - ERROR - Error processing log: [Errno 2] No such file or directory: '/root/CascadeProjects/sports bot/football/logs/Main_Log/main_log_position.json'
2025-05-01 00:37:03,457 - main_log_logic - ERROR - Error processing log: [Errno 2] No such file or directory: '/root/CascadeProjects/sports bot/football/logs/Main_Log/main_log_position.json'
2025-05-01 00:37:04,457 - main_log_logic - ERROR - Error processing log: [Errno 2] No such file or directory: '/root/CascadeProjects/sports bot/football/logs/Main_Log/main_log_position.json'
2025-05-01 00:37:05,458 - main_log_logic - ERROR - Error processing log: [Errno 2] No such file or directory: '/root/CascadeProjects/sports bot/football/logs/Main_Log/main_log_position.json'
2025-05-01 00:37:06,458 - main_log_logic - ERROR - Error processing log: [Errno 2] No such file or directory: '/root/CascadeProjects/sports bot/football/logs/Main_Log/main_log_position.json'
2025-05-01 00:37:07,458 - main_log_logic - ERROR - Error processing log: [Errno 2] No such file or directory: '/root/CascadeProjects/sports bot/football/logs/Main_Log/main_log_position.json'
2025-05-01 00:37:08,459 - main_log_logic - ERROR - Error processing log: [Errno 2] No such file or directory: '/root/CascadeProjects/sports bot/football/logs/Main_Log/main_log_position.json'
2025-05-01 00:37:09,460 - main_log_logic - ERROR - Error processing log: [Errno 2] No such file or directory: '/root/CascadeProjects/sports bot/football/logs/Main_Log/main_log_position.json'
2025-05-01 00:37:10,460 - main_log_logic - ERROR - Error processing log: [Errno 2] No such file or directory: '/root/CascadeProjects/sports bot/football/logs/Main_Log/main_log_position.json'
2025-05-01 00:37:11,461 - main_log_logic - ERROR - Error processing log: [Errno 2] No such file or directory: '/root/CascadeProjects/sports bot/football/logs/Main_Log/main_log_position.json'
2025-05-01 00:37:12,461 - main_log_logic - ERROR - Error processing log: [Errno 2] No such file or directory: '/root/CascadeProjects/sports bot/football/logs/Main_Log/main_log_position.json'
2025-05-01 00:37:13,462 - main_log_logic - ERROR - Error processing log: [Errno 2] No such file or directory: '/root/CascadeProjects/sports bot/football/logs/Main_Log/main_log_position.json'
2025-05-01 00:37:14,462 - main_log_logic - ERROR - Error processing log: [Errno 2] No such file or directory: '/root/CascadeProjects/sports bot/football/logs/Main_Log/main_log_position.json'
2025-05-01 00:37:15,463 - main_log_logic - ERROR - Error processing log: [Errno 2] No such file or directory: '/root/CascadeProjects/sports bot/football/logs/Main_Log/main_log_position.json'
2025-05-01 00:37:16,463 - main_log_logic - ERROR - Error processing log: [Errno 2] No such file or directory: '/root/CascadeProjects/sports bot/football/logs/Main_Log/main_log_position.json'
2025-05-01 00:37:17,464 - main_log_logic - ERROR - Error processing log: [Errno 2] No such file or directory: '/root/CascadeProjects/sports bot/football/logs/Main_Log/main_log_position.json'
2025-05-01 00:37:18,464 - main_log_logic - ERROR - Error processing log: [Errno 2] No such file or directory: '/root/CascadeProjects/sports bot/football/logs/Main_Log/main_log_position.json'
2025-05-01 00:37:19,464 - main_log_logic - ERROR - Error processing log: [Errno 2] No such file or directory: '/root/CascadeProjects/sports bot/football/logs/Main_Log/main_log_position.json'
2025-05-01 00:37:20,465 - main_log_logic - ERROR - Error processing log: [Errno 2] No such file or directory: '/root/CascadeProjects/sports bot/football/logs/Main_Log/main_log_position.json'
2025-05-01 00:37:21,465 - main_log_logic - ERROR - Error processing log: [Errno 2] No such file or directory: '/root/CascadeProjects/sports bot/football/logs/Main_Log/main_log_position.json'
2025-05-01 00:37:22,466 - main_log_logic - ERROR - Error processing log: [Errno 2] No such file or directory: '/root/CascadeProjects/sports bot/football/logs/Main_Log/main_log_position.json'
2025-05-01 00:37:23,466 - main_log_logic - ERROR - Error processing log: [Errno 2] No such file or directory: '/root/CascadeProjects/sports bot/football/logs/Main_Log/main_log_position.json'
2025-05-01 00:37:24,467 - main_log_logic - ERROR - Error processing log: [Errno 2] No such file or directory: '/root/CascadeProjects/sports bot/football/logs/Main_Log/main_log_position.json'
2025-05-01 00:37:25,467 - main_log_logic - ERROR - Error processing log: [Errno 2] No such file or directory: '/root/CascadeProjects/sports bot/football/logs/Main_Log/main_log_position.json'
2025-05-01 00:37:26,468 - main_log_logic - ERROR - Error processing log: [Errno 2] No such file or directory: '/root/CascadeProjects/sports bot/football/logs/Main_Log/main_log_position.json'
2025-05-01 00:37:27,468 - main_log_logic - ERROR - Error processing log: [Errno 2] No such file or directory: '/root/CascadeProjects/sports bot/football/logs/Main_Log/main_log_position.json'
2025-05-01 00:37:28,468 - main_log_logic - ERROR - Error processing log: [Errno 2] No such file or directory: '/root/CascadeProjects/sports bot/football/logs/Main_Log/main_log_position.json'
2025-05-01 00:37:29,469 - main_log_logic - ERROR - Error processing log: [Errno 2] No such file or directory: '/root/CascadeProjects/sports bot/football/logs/Main_Log/main_log_position.json'
2025-05-01 00:37:30,469 - main_log_logic - ERROR - Error processing log: [Errno 2] No such file or directory: '/root/CascadeProjects/sports bot/football/logs/Main_Log/main_log_position.json'
2025-05-01 00:37:31,470 - main_log_logic - ERROR - Error processing log: [Errno 2] No such file or directory: '/root/CascadeProjects/sports bot/football/logs/Main_Log/main_log_position.json'
2025-05-01 00:37:32,470 - main_log_logic - ERROR - Error processing log: [Errno 2] No such file or directory: '/root/CascadeProjects/sports bot/football/logs/Main_Log/main_log_position.json'
2025-05-01 00:37:33,470 - main_log_logic - ERROR - Error processing log: [Errno 2] No such file or directory: '/root/CascadeProjects/sports bot/football/logs/Main_Log/main_log_position.json'
2025-05-01 00:37:34,471 - main_log_logic - ERROR - Error processing log: [Errno 2] No such file or directory: '/root/CascadeProjects/sports bot/football/logs/Main_Log/main_log_position.json'
2025-05-01 00:37:35,471 - main_log_logic - ERROR - Error processing log: [Errno 2] No such file or directory: '/root/CascadeProjects/sports bot/football/logs/Main_Log/main_log_position.json'
2025-05-01 00:37:36,472 - main_log_logic - ERROR - Error processing log: [Errno 2] No such file or directory: '/root/CascadeProjects/sports bot/football/logs/Main_Log/main_log_position.json'
2025-05-01 00:37:37,472 - main_log_logic - ERROR - Error processing log: [Errno 2] No such file or directory: '/root/CascadeProjects/sports bot/football/logs/Main_Log/main_log_position.json'
2025-05-01 00:37:38,473 - main_log_logic - ERROR - Error processing log: [Errno 2] No such file or directory: '/root/CascadeProjects/sports bot/football/logs/Main_Log/main_log_position.json'
2025-05-01 00:37:39,473 - main_log_logic - ERROR - Error processing log: [Errno 2] No such file or directory: '/root/CascadeProjects/sports bot/football/logs/Main_Log/main_log_position.json'
2025-05-01 00:37:40,473 - main_log_logic - ERROR - Error processing log: [Errno 2] No such file or directory: '/root/CascadeProjects/sports bot/football/logs/Main_Log/main_log_position.json'
2025-05-01 00:37:41,474 - main_log_logic - ERROR - Error processing log: [Errno 2] No such file or directory: '/root/CascadeProjects/sports bot/football/logs/Main_Log/main_log_position.json'
2025-05-01 00:37:42,474 - main_log_logic - ERROR - Error processing log: [Errno 2] No such file or directory: '/root/CascadeProjects/sports bot/football/logs/Main_Log/main_log_position.json'
2025-05-01 00:37:43,475 - main_log_logic - ERROR - Error processing log: [Errno 2] No such file or directory: '/root/CascadeProjects/sports bot/football/logs/Main_Log/main_log_position.json'
2025-05-01 00:37:44,475 - main_log_logic - ERROR - Error processing log: [Errno 2] No such file or directory: '/root/CascadeProjects/sports bot/football/logs/Main_Log/main_log_position.json'
2025-05-01 00:37:45,476 - main_log_logic - ERROR - Error processing log: [Errno 2] No such file or directory: '/root/CascadeProjects/sports bot/football/logs/Main_Log/main_log_position.json'
2025-05-01 00:37:46,476 - main_log_logic - ERROR - Error processing log: [Errno 2] No such file or directory: '/root/CascadeProjects/sports bot/football/logs/Main_Log/main_log_position.json'
2025-05-01 00:37:47,477 - main_log_logic - ERROR - Error processing log: [Errno 2] No such file or directory: '/root/CascadeProjects/sports bot/football/logs/Main_Log/main_log_position.json'
2025-05-01 00:37:48,477 - main_log_logic - ERROR - Error processing log: [Errno 2] No such file or directory: '/root/CascadeProjects/sports bot/football/logs/Main_Log/main_log_position.json'
2025-05-01 00:37:49,477 - main_log_logic - ERROR - Error processing log: [Errno 2] No such file or directory: '/root/CascadeProjects/sports bot/football/logs/Main_Log/main_log_position.json'
2025-05-01 00:37:50,478 - main_log_logic - ERROR - Error processing log: [Errno 2] No such file or directory: '/root/CascadeProjects/sports bot/football/logs/Main_Log/main_log_position.json'
2025-05-01 00:37:51,478 - main_log_logic - ERROR - Error processing log: [Errno 2] No such file or directory: '/root/CascadeProjects/sports bot/football/logs/Main_Log/main_log_position.json'
2025-05-01 00:37:52,479 - main_log_logic - ERROR - Error processing log: [Errno 2] No such file or directory: '/root/CascadeProjects/sports bot/football/logs/Main_Log/main_log_position.json'
2025-05-01 00:37:53,479 - main_log_logic - ERROR - Error processing log: [Errno 2] No such file or directory: '/root/CascadeProjects/sports bot/football/logs/Main_Log/main_log_position.json'
2025-05-01 00:37:54,480 - main_log_logic - ERROR - Error processing log: [Errno 2] No such file or directory: '/root/CascadeProjects/sports bot/football/logs/Main_Log/main_log_position.json'
2025-05-01 00:37:55,480 - main_log_logic - ERROR - Error processing log: [Errno 2] No such file or directory: '/root/CascadeProjects/sports bot/football/logs/Main_Log/main_log_position.json'
2025-05-01 00:37:56,481 - main_log_logic - ERROR - Error processing log: [Errno 2] No such file or directory: '/root/CascadeProjects/sports bot/football/logs/Main_Log/main_log_position.json'
2025-05-01 00:37:57,481 - main_log_logic - ERROR - Error processing log: [Errno 2] No such file or directory: '/root/CascadeProjects/sports bot/football/logs/Main_Log/main_log_position.json'
2025-05-01 00:37:58,482 - main_log_logic - ERROR - Error processing log: [Errno 2] No such file or directory: '/root/CascadeProjects/sports bot/football/logs/Main_Log/main_log_position.json'
2025-05-01 00:37:59,482 - main_log_logic - ERROR - Error processing log: [Errno 2] No such file or directory: '/root/CascadeProjects/sports bot/football/logs/Main_Log/main_log_position.json'
2025-05-01 00:38:00,482 - main_log_logic - ERROR - Error processing log: [Errno 2] No such file or directory: '/root/CascadeProjects/sports bot/football/logs/Main_Log/main_log_position.json'
2025-05-01 00:38:01,483 - main_log_logic - ERROR - Error processing log: [Errno 2] No such file or directory: '/root/CascadeProjects/sports bot/football/logs/Main_Log/main_log_position.json'
2025-05-01 00:38:02,483 - main_log_logic - ERROR - Error processing log: [Errno 2] No such file or directory: '/root/CascadeProjects/sports bot/football/logs/Main_Log/main_log_position.json'
2025-05-01 00:38:03,484 - main_log_logic - ERROR - Error processing log: [Errno 2] No such file or directory: '/root/CascadeProjects/sports bot/football/logs/Main_Log/main_log_position.json'
2025-05-01 00:38:04,484 - main_log_logic - ERROR - Error processing log: [Errno 2] No such file or directory: '/root/CascadeProjects/sports bot/football/logs/Main_Log/main_log_position.json'
2025-05-01 00:38:05,485 - main_log_logic - ERROR - Error processing log: [Errno 2] No such file or directory: '/root/CascadeProjects/sports bot/football/logs/Main_Log/main_log_position.json'
2025-05-01 00:38:06,485 - main_log_logic - ERROR - Error processing log: [Errno 2] No such file or directory: '/root/CascadeProjects/sports bot/football/logs/Main_Log/main_log_position.json'
2025-05-01 00:38:07,486 - main_log_logic - ERROR - Error processing log: [Errno 2] No such file or directory: '/root/CascadeProjects/sports bot/football/logs/Main_Log/main_log_position.json'
2025-05-01 00:38:08,486 - main_log_logic - ERROR - Error processing log: [Errno 2] No such file or directory: '/root/CascadeProjects/sports bot/football/logs/Main_Log/main_log_position.json'
2025-05-01 00:38:09,487 - main_log_logic - ERROR - Error processing log: [Errno 2] No such file or directory: '/root/CascadeProjects/sports bot/football/logs/Main_Log/main_log_position.json'
2025-05-01 00:38:10,487 - main_log_logic - ERROR - Error processing log: [Errno 2] No such file or directory: '/root/CascadeProjects/sports bot/football/logs/Main_Log/main_log_position.json'
2025-05-01 00:38:11,488 - main_log_logic - ERROR - Error processing log: [Errno 2] No such file or directory: '/root/CascadeProjects/sports bot/football/logs/Main_Log/main_log_position.json'
2025-05-01 00:38:12,488 - main_log_logic - ERROR - Error processing log: [Errno 2] No such file or directory: '/root/CascadeProjects/sports bot/football/logs/Main_Log/main_log_position.json'
2025-05-01 00:38:13,489 - main_log_logic - ERROR - Error processing log: [Errno 2] No such file or directory: '/root/CascadeProjects/sports bot/football/logs/Main_Log/main_log_position.json'
2025-05-01 00:38:14,490 - main_log_logic - ERROR - Error processing log: [Errno 2] No such file or directory: '/root/CascadeProjects/sports bot/football/logs/Main_Log/main_log_position.json'
2025-05-01 00:38:15,490 - main_log_logic - ERROR - Error processing log: [Errno 2] No such file or directory: '/root/CascadeProjects/sports bot/football/logs/Main_Log/main_log_position.json'
2025-05-01 00:38:16,491 - main_log_logic - ERROR - Error processing log: [Errno 2] No such file or directory: '/root/CascadeProjects/sports bot/football/logs/Main_Log/main_log_position.json'
2025-05-01 00:38:17,491 - main_log_logic - ERROR - Error processing log: [Errno 2] No such file or directory: '/root/CascadeProjects/sports bot/football/logs/Main_Log/main_log_position.json'
2025-05-01 00:38:18,491 - main_log_logic - ERROR - Error processing log: [Errno 2] No such file or directory: '/root/CascadeProjects/sports bot/football/logs/Main_Log/main_log_position.json'
2025-05-01 00:38:19,492 - main_log_logic - ERROR - Error processing log: [Errno 2] No such file or directory: '/root/CascadeProjects/sports bot/football/logs/Main_Log/main_log_position.json'
2025-05-01 00:38:20,492 - main_log_logic - ERROR - Error processing log: [Errno 2] No such file or directory: '/root/CascadeProjects/sports bot/football/logs/Main_Log/main_log_position.json'
2025-05-01 00:38:21,493 - main_log_logic - ERROR - Error processing log: [Errno 2] No such file or directory: '/root/CascadeProjects/sports bot/football/logs/Main_Log/main_log_position.json'
2025-05-01 00:38:22,493 - main_log_logic - ERROR - Error processing log: [Errno 2] No such file or directory: '/root/CascadeProjects/sports bot/football/logs/Main_Log/main_log_position.json'
2025-05-01 00:38:23,494 - main_log_logic - ERROR - Error processing log: [Errno 2] No such file or directory: '/root/CascadeProjects/sports bot/football/logs/Main_Log/main_log_position.json'
2025-05-01 00:38:24,494 - main_log_logic - ERROR - Error processing log: [Errno 2] No such file or directory: '/root/CascadeProjects/sports bot/football/logs/Main_Log/main_log_position.json'
2025-05-01 00:38:25,495 - main_log_logic - ERROR - Error processing log: [Errno 2] No such file or directory: '/root/CascadeProjects/sports bot/football/logs/Main_Log/main_log_position.json'
2025-05-01 00:38:26,495 - main_log_logic - ERROR - Error processing log: [Errno 2] No such file or directory: '/root/CascadeProjects/sports bot/football/logs/Main_Log/main_log_position.json'
2025-05-01 00:38:27,496 - main_log_logic - ERROR - Error processing log: [Errno 2] No such file or directory: '/root/CascadeProjects/sports bot/football/logs/Main_Log/main_log_position.json'
2025-05-01 00:38:28,496 - main_log_logic - ERROR - Error processing log: [Errno 2] No such file or directory: '/root/CascadeProjects/sports bot/football/logs/Main_Log/main_log_position.json'
2025-05-01 00:38:29,497 - main_log_logic - ERROR - Error processing log: [Errno 2] No such file or directory: '/root/CascadeProjects/sports bot/football/logs/Main_Log/main_log_position.json'
2025-05-01 00:38:30,497 - main_log_logic - ERROR - Error processing log: [Errno 2] No such file or directory: '/root/CascadeProjects/sports bot/football/logs/Main_Log/main_log_position.json'
2025-05-01 00:38:31,497 - main_log_logic - ERROR - Error processing log: [Errno 2] No such file or directory: '/root/CascadeProjects/sports bot/football/logs/Main_Log/main_log_position.json'
2025-05-01 00:38:32,498 - main_log_logic - ERROR - Error processing log: [Errno 2] No such file or directory: '/root/CascadeProjects/sports bot/football/logs/Main_Log/main_log_position.json'
2025-05-01 00:38:33,498 - main_log_logic - ERROR - Error processing log: [Errno 2] No such file or directory: '/root/CascadeProjects/sports bot/football/logs/Main_Log/main_log_position.json'
2025-05-01 00:38:34,499 - main_log_logic - ERROR - Error processing log: [Errno 2] No such file or directory: '/root/CascadeProjects/sports bot/football/logs/Main_Log/main_log_position.json'
2025-05-01 00:38:35,499 - main_log_logic - ERROR - Error processing log: [Errno 2] No such file or directory: '/root/CascadeProjects/sports bot/football/logs/Main_Log/main_log_position.json'
2025-05-01 00:38:36,500 - main_log_logic - ERROR - Error processing log: [Errno 2] No such file or directory: '/root/CascadeProjects/sports bot/football/logs/Main_Log/main_log_position.json'
2025-05-01 00:38:37,500 - main_log_logic - ERROR - Error processing log: [Errno 2] No such file or directory: '/root/CascadeProjects/sports bot/football/logs/Main_Log/main_log_position.json'
2025-05-01 00:38:38,501 - main_log_logic - ERROR - Error processing log: [Errno 2] No such file or directory: '/root/CascadeProjects/sports bot/football/logs/Main_Log/main_log_position.json'
2025-05-01 00:38:39,501 - main_log_logic - ERROR - Error processing log: [Errno 2] No such file or directory: '/root/CascadeProjects/sports bot/football/logs/Main_Log/main_log_position.json'
2025-05-01 00:38:40,502 - main_log_logic - ERROR - Error processing log: [Errno 2] No such file or directory: '/root/CascadeProjects/sports bot/football/logs/Main_Log/main_log_position.json'
2025-05-01 00:38:41,502 - main_log_logic - ERROR - Error processing log: [Errno 2] No such file or directory: '/root/CascadeProjects/sports bot/football/logs/Main_Log/main_log_position.json'
2025-05-01 00:38:42,503 - main_log_logic - ERROR - Error processing log: [Errno 2] No such file or directory: '/root/CascadeProjects/sports bot/football/logs/Main_Log/main_log_position.json'
2025-05-01 00:38:43,503 - main_log_logic - ERROR - Error processing log: [Errno 2] No such file or directory: '/root/CascadeProjects/sports bot/football/logs/Main_Log/main_log_position.json'
2025-05-01 00:38:44,503 - main_log_logic - ERROR - Error processing log: [Errno 2] No such file or directory: '/root/CascadeProjects/sports bot/football/logs/Main_Log/main_log_position.json'
2025-05-01 00:38:45,504 - main_log_logic - ERROR - Error processing log: [Errno 2] No such file or directory: '/root/CascadeProjects/sports bot/football/logs/Main_Log/main_log_position.json'
2025-05-01 00:38:46,504 - main_log_logic - ERROR - Error processing log: [Errno 2] No such file or directory: '/root/CascadeProjects/sports bot/football/logs/Main_Log/main_log_position.json'
2025-05-01 00:38:47,505 - main_log_logic - ERROR - Error processing log: [Errno 2] No such file or directory: '/root/CascadeProjects/sports bot/football/logs/Main_Log/main_log_position.json'
2025-05-01 00:38:48,505 - main_log_logic - ERROR - Error processing log: [Errno 2] No such file or directory: '/root/CascadeProjects/sports bot/football/logs/Main_Log/main_log_position.json'
2025-05-01 00:38:49,506 - main_log_logic - ERROR - Error processing log: [Errno 2] No such file or directory: '/root/CascadeProjects/sports bot/football/logs/Main_Log/main_log_position.json'
2025-05-01 00:38:50,506 - main_log_logic - ERROR - Error processing log: [Errno 2] No such file or directory: '/root/CascadeProjects/sports bot/football/logs/Main_Log/main_log_position.json'
2025-05-01 00:38:51,506 - main_log_logic - ERROR - Error processing log: [Errno 2] No such file or directory: '/root/CascadeProjects/sports bot/football/logs/Main_Log/main_log_position.json'
2025-05-01 00:38:52,507 - main_log_logic - ERROR - Error processing log: [Errno 2] No such file or directory: '/root/CascadeProjects/sports bot/football/logs/Main_Log/main_log_position.json'
2025-05-01 00:38:53,507 - main_log_logic - ERROR - Error processing log: [Errno 2] No such file or directory: '/root/CascadeProjects/sports bot/football/logs/Main_Log/main_log_position.json'
2025-05-01 00:38:54,508 - main_log_logic - ERROR - Error processing log: [Errno 2] No such file or directory: '/root/CascadeProjects/sports bot/football/logs/Main_Log/main_log_position.json'
2025-05-01 00:38:55,508 - main_log_logic - ERROR - Error processing log: [Errno 2] No such file or directory: '/root/CascadeProjects/sports bot/football/logs/Main_Log/main_log_position.json'
2025-05-01 00:38:56,509 - main_log_logic - ERROR - Error processing log: [Errno 2] No such file or directory: '/root/CascadeProjects/sports bot/football/logs/Main_Log/main_log_position.json'
2025-05-01 00:38:57,509 - main_log_logic - ERROR - Error processing log: [Errno 2] No such file or directory: '/root/CascadeProjects/sports bot/football/logs/Main_Log/main_log_position.json'
2025-05-01 00:38:58,509 - main_log_logic - ERROR - Error processing log: [Errno 2] No such file or directory: '/root/CascadeProjects/sports bot/football/logs/Main_Log/main_log_position.json'
2025-05-01 00:38:59,510 - main_log_logic - ERROR - Error processing log: [Errno 2] No such file or directory: '/root/CascadeProjects/sports bot/football/logs/Main_Log/main_log_position.json'
2025-05-01 00:39:00,510 - main_log_logic - ERROR - Error processing log: [Errno 2] No such file or directory: '/root/CascadeProjects/sports bot/football/logs/Main_Log/main_log_position.json'
2025-05-01 00:39:01,511 - main_log_logic - ERROR - Error processing log: [Errno 2] No such file or directory: '/root/CascadeProjects/sports bot/football/logs/Main_Log/main_log_position.json'
2025-05-01 00:39:01,625 - main_log_logic - INFO - Received shutdown signal. Exiting...
