===== DIAGNOSTIC MONITORING STARTED AT 2025-05-11 11:13:02.288417 =====
Process ID: 2103011
Python Version: 3.12.3 (main, Feb  4 2025, 14:48:35) [GCC 13.3.0]
Working Directory: /root/CascadeProjects/sports_bot/football


[2025-05-11 11:13:02] SYSTEM CHECK
Memory: 76.9 MB (change: +76.86 MB)
Open Files: 23 (change: +23)
Load Average: 0.37 0.49 0.59 4/327 2103064
POTENTIAL ISSUES:
- Memory increased by 76.9 MB in 0.0 seconds
- File handle count increased by 23

[2025-05-11 11:13:17] SYSTEM CHECK
Memory: 78.1 MB (change: +1.25 MB)
Open Files: 25 (change: +2)
Load Average: 0.29 0.47 0.58 1/328 2103168

[2025-05-11 11:13:32] SYSTEM CHECK
Memory: 80.0 MB (change: +1.88 MB)
Open Files: 25 (change: +0)
Load Average: 0.23 0.44 0.57 1/328 2103265

[2025-05-11 11:13:47] SYSTEM CHECK
Memory: 106.1 MB (change: +26.12 MB)
Open Files: 25 (change: +0)
Load Average: 0.17 0.42 0.56 2/329 2103357
POTENTIAL ISSUES:
- Memory increased by 26.1 MB in 15.0 seconds

[2025-05-11 11:14:02] SYSTEM CHECK
Memory: 133.1 MB (change: +27.00 MB)
Open Files: 25 (change: +0)
Load Average: 0.14 0.40 0.55 1/328 2103453
POTENTIAL ISSUES:
- Memory increased by 27.0 MB in 15.0 seconds

[2025-05-11 11:14:17] SYSTEM CHECK
Memory: 148.1 MB (change: +15.00 MB)
Open Files: 25 (change: +0)
Load Average: 0.17 0.40 0.55 1/328 2103545
POTENTIAL ISSUES:
- Memory increased by 15.0 MB in 15.0 seconds

[2025-05-11 11:14:32] SYSTEM CHECK
Memory: 150.1 MB (change: +2.00 MB)
Open Files: 25 (change: +0)
Load Average: 0.21 0.39 0.54 1/328 2103639

[2025-05-11 11:14:47] SYSTEM CHECK
Memory: 150.1 MB (change: +0.00 MB)
Open Files: 25 (change: +0)
Load Average: 0.30 0.41 0.54 1/328 2103732

[2025-05-11 11:15:02] SYSTEM CHECK
Memory: 166.2 MB (change: +16.11 MB)
Open Files: 25 (change: +0)
Load Average: 0.39 0.42 0.55 1/328 2103898
POTENTIAL ISSUES:
- Memory increased by 16.1 MB in 15.0 seconds

[2025-05-11 11:15:17] SYSTEM CHECK
Memory: 163.5 MB (change: -2.70 MB)
Open Files: 25 (change: +0)
Load Average: 0.60 0.47 0.56 2/328 2104053

[2025-05-11 11:15:32] SYSTEM CHECK
Memory: 163.5 MB (change: +0.00 MB)
Open Files: 25 (change: +0)
Load Average: 0.69 0.49 0.57 1/325 2104213

[2025-05-11 11:15:48] SYSTEM CHECK
Memory: 193.5 MB (change: +30.03 MB)
Open Files: 25 (change: +0)
Load Average: 0.76 0.52 0.57 1/325 2104376
POTENTIAL ISSUES:
- Memory increased by 30.0 MB in 15.1 seconds

[2025-05-11 11:16:03] SYSTEM CHECK
Memory: 163.6 MB (change: -29.91 MB)
Open Files: 25 (change: +0)
Load Average: 0.75 0.53 0.58 1/325 2104532
